<html>
<body>
<pre>
<h1>µVision Build Log</h1>
<h2>Tool Versions:</h2>
IDE-Version: ¦ÌVision V5.24.2.0
Copyright (C) 2017 ARM Ltd and ARM Germany GmbH. All rights reserved.
License Information: saf Microsoft, Microsoft, LIC=Q7GKP-MN9FH-EYEVT-RVTUJ-K4DUA-V2SDQ
 
Tool Versions:
Toolchain:       MDK-ARM Professional  Version: 5.24.1
Toolchain Path:  C:\Keil_v524a\ARM\ARMCC\Bin
C Compiler:      Armcc.exe V5.06 update 5 (build 528)
Assembler:       Armasm.exe V5.06 update 5 (build 528)
Linker/Locator:  ArmLink.exe V5.06 update 5 (build 528)
Library Manager: ArmAr.exe V5.06 update 5 (build 528)
Hex Converter:   FromElf.exe V5.06 update 5 (build 528)
CPU DLL:         SARMCM3.DLL V5.24.1
Dialog DLL:      DCM.DLL V1.16.0.0
Target DLL:      Segger\JL2CM3.dll V2.99.26.0
Dialog DLL:      TCM.DLL V1.32.0.0
 
<h2>Project:</h2>
D:\github\6QSecurity\MDK-ARM\6QSM.uvprojx
Project File Date:  09/15/2017

<h2>Output:</h2>
*** Using Compiler 'V5.06 update 5 (build 528)', folder: 'C:\Keil_v524a\ARM\ARMCC\Bin'
Build target '6QSM'
compiling stm32l4xx_hal.c...
compiling stm32l4xx_hal_adc_ex.c...
compiling stm32l4xx_hal_i2c.c...
compiling stm32l4xx_hal_spi_ex.c...
compiling stm32l4xx_hal_tim_ex.c...
compiling stm32l4xx_hal_i2c_ex.c...
compiling stm32l4xx_hal_gpio.c...
compiling stm32l4xx_hal_tim.c...
compiling stm32l4xx_hal_pwr_ex.c...
compiling stm32l4xx_hal_flash_ex.c...
compiling stm32l4xx_hal_adc.c...
compiling stm32l4xx_hal_rtc_ex.c...
compiling stm32l4xx_hal_uart_ex.c...
compiling stm32l4xx_hal_uart.c...
compiling stm32l4xx_hal_rcc.c...
compiling stm32l4xx_hal_rcc_ex.c...
compiling stm32l4xx_hal_flash_ramfunc.c...
compiling stm32l4xx_hal_cortex.c...
compiling stm32l4xx_hal_spi.c...
compiling stm32l4xx_hal_dma.c...
compiling stm32l4xx_hal_flash.c...
compiling stm32l4xx_hal_rtc.c...
compiling stm32l4xx_hal_pwr.c...
compiling system_stm32l4xx.c...
compiling adc.c...
compiling usart.c...
compiling stm32l4xx_hal_msp.c...
compiling rtc.c...
compiling spi.c...
compiling gpio.c...
compiling main.c...
../Src/main.c(303): warning:  #177-D: variable "nSecurityFlag"  was declared but never referenced
  	uint64_t nSecurityFlag;
../Src/main.c: 1 warning, 0 errors
assembling startup_stm32l433xx.s...
compiling i2c.c...
compiling stm32l4xx_it.c...
linking...
Program Size: Code=15836 RO-data=500 RW-data=12 ZI-data=1588  
"6QSM\6QSM.axf" - 0 Error(s), 1 Warning(s).

<h2>Software Packages used:</h2>

Package Vendor: ARM
                http://www.keil.com/pack/ARM.CMSIS.5.0.1.pack
                ARM.CMSIS.5.0.1
                CMSIS (Cortex Microcontroller Software Interface Standard)
   * Component: CORE Version: 5.0.1

Package Vendor: Keil
                http://www.keil.com/pack/Keil.STM32L4xx_DFP.1.2.0.pack
                Keil.STM32L4xx_DFP.1.2.0
                STMicroelectronics STM32L4 Series Device Support, Drivers and Examples

<h2>Collection of Component include folders:</h2>
  .\RTE\_6QSM
  C:\Keil_v524a\ARM\PACK\ARM\CMSIS\5.0.1\CMSIS\Include
  C:\Keil_v524a\ARM\PACK\Keil\STM32L4xx_DFP\1.2.0\Device\Include

<h2>Collection of Component Files used:</h2>

   * Component: ARM::CMSIS:CORE:5.0.1
Build Time Elapsed:  00:03:32
</pre>
</body>
</html>
