Component: ARM Compiler 5.06 update 5 (build 528) Tool: armlink [4d35e2]

==============================================================================

Section Cross References

    stm32l4xx_hal.o(i.HAL_DeInit) refers to stm32l4xx_hal.o(i.HAL_MspDeInit) for HAL_MspDeInit
    stm32l4xx_hal.o(i.HAL_Delay) refers to stm32l4xx_hal.o(i.HAL_GetTick) for HAL_GetTick
    stm32l4xx_hal.o(i.HAL_GetTick) refers to stm32l4xx_hal.o(.data) for .data
    stm32l4xx_hal.o(i.HAL_IncTick) refers to stm32l4xx_hal.o(.data) for .data
    stm32l4xx_hal.o(i.HAL_Init) refers to stm32l4xx_hal_cortex.o(i.HAL_NVIC_SetPriorityGrouping) for HAL_NVIC_SetPriorityGrouping
    stm32l4xx_hal.o(i.HAL_Init) refers to stm32l4xx_hal.o(i.HAL_InitTick) for HAL_InitTick
    stm32l4xx_hal.o(i.HAL_Init) refers to stm32l4xx_hal_msp.o(i.HAL_MspInit) for HAL_MspInit
    stm32l4xx_hal.o(i.HAL_InitTick) refers to stm32l4xx_hal_cortex.o(i.HAL_SYSTICK_Config) for HAL_SYSTICK_Config
    stm32l4xx_hal.o(i.HAL_InitTick) refers to stm32l4xx_hal_cortex.o(i.HAL_NVIC_SetPriority) for HAL_NVIC_SetPriority
    stm32l4xx_hal.o(i.HAL_InitTick) refers to system_stm32l4xx.o(.data) for SystemCoreClock
    stm32l4xx_hal.o(i.HAL_SYSCFG_EnableVREFBUF) refers to stm32l4xx_hal.o(i.HAL_GetTick) for HAL_GetTick
    stm32l4xx_hal_adc_ex.o(i.HAL_ADCEx_Calibration_Start) refers to stm32l4xx_hal_adc.o(i.ADC_Disable) for ADC_Disable
    stm32l4xx_hal_adc_ex.o(i.HAL_ADCEx_InjectedConfigChannel) refers to system_stm32l4xx.o(.data) for SystemCoreClock
    stm32l4xx_hal_adc_ex.o(i.HAL_ADCEx_InjectedPollForConversion) refers to stm32l4xx_hal.o(i.HAL_GetTick) for HAL_GetTick
    stm32l4xx_hal_adc_ex.o(i.HAL_ADCEx_InjectedStart) refers to stm32l4xx_hal_adc.o(i.ADC_Enable) for ADC_Enable
    stm32l4xx_hal_adc_ex.o(i.HAL_ADCEx_InjectedStart_IT) refers to stm32l4xx_hal_adc.o(i.ADC_Enable) for ADC_Enable
    stm32l4xx_hal_adc_ex.o(i.HAL_ADCEx_InjectedStop) refers to stm32l4xx_hal_adc.o(i.ADC_ConversionStop) for ADC_ConversionStop
    stm32l4xx_hal_adc_ex.o(i.HAL_ADCEx_InjectedStop) refers to stm32l4xx_hal_adc.o(i.ADC_Disable) for ADC_Disable
    stm32l4xx_hal_adc_ex.o(i.HAL_ADCEx_InjectedStop_IT) refers to stm32l4xx_hal_adc.o(i.ADC_ConversionStop) for ADC_ConversionStop
    stm32l4xx_hal_adc_ex.o(i.HAL_ADCEx_InjectedStop_IT) refers to stm32l4xx_hal_adc.o(i.ADC_Disable) for ADC_Disable
    stm32l4xx_hal_adc_ex.o(i.HAL_ADCEx_RegularStop) refers to stm32l4xx_hal_adc.o(i.ADC_ConversionStop) for ADC_ConversionStop
    stm32l4xx_hal_adc_ex.o(i.HAL_ADCEx_RegularStop) refers to stm32l4xx_hal_adc.o(i.ADC_Disable) for ADC_Disable
    stm32l4xx_hal_adc_ex.o(i.HAL_ADCEx_RegularStop_DMA) refers to stm32l4xx_hal_adc.o(i.ADC_ConversionStop) for ADC_ConversionStop
    stm32l4xx_hal_adc_ex.o(i.HAL_ADCEx_RegularStop_DMA) refers to stm32l4xx_hal_dma.o(i.HAL_DMA_Abort) for HAL_DMA_Abort
    stm32l4xx_hal_adc_ex.o(i.HAL_ADCEx_RegularStop_DMA) refers to stm32l4xx_hal_adc.o(i.ADC_Disable) for ADC_Disable
    stm32l4xx_hal_adc_ex.o(i.HAL_ADCEx_RegularStop_IT) refers to stm32l4xx_hal_adc.o(i.ADC_ConversionStop) for ADC_ConversionStop
    stm32l4xx_hal_adc_ex.o(i.HAL_ADCEx_RegularStop_IT) refers to stm32l4xx_hal_adc.o(i.ADC_Disable) for ADC_Disable
    stm32l4xx_hal_i2c.o(i.HAL_I2C_DeInit) refers to i2c.o(i.HAL_I2C_MspDeInit) for HAL_I2C_MspDeInit
    stm32l4xx_hal_i2c.o(i.HAL_I2C_DisableListen_IT) refers to stm32l4xx_hal_i2c.o(i.I2C_Disable_IRQ) for I2C_Disable_IRQ
    stm32l4xx_hal_i2c.o(i.HAL_I2C_ER_IRQHandler) refers to stm32l4xx_hal_i2c.o(i.I2C_ITError) for I2C_ITError
    stm32l4xx_hal_i2c.o(i.HAL_I2C_EnableListen_IT) refers to stm32l4xx_hal_i2c.o(i.I2C_Enable_IRQ) for I2C_Enable_IRQ
    stm32l4xx_hal_i2c.o(i.HAL_I2C_EnableListen_IT) refers to stm32l4xx_hal_i2c.o(i.I2C_Slave_ISR_IT) for I2C_Slave_ISR_IT
    stm32l4xx_hal_i2c.o(i.HAL_I2C_Init) refers to i2c.o(i.HAL_I2C_MspInit) for HAL_I2C_MspInit
    stm32l4xx_hal_i2c.o(i.HAL_I2C_IsDeviceReady) refers to stm32l4xx_hal.o(i.HAL_GetTick) for HAL_GetTick
    stm32l4xx_hal_i2c.o(i.HAL_I2C_IsDeviceReady) refers to stm32l4xx_hal_i2c.o(i.I2C_WaitOnFlagUntilTimeout) for I2C_WaitOnFlagUntilTimeout
    stm32l4xx_hal_i2c.o(i.HAL_I2C_Master_Abort_IT) refers to stm32l4xx_hal_i2c.o(i.I2C_Disable_IRQ) for I2C_Disable_IRQ
    stm32l4xx_hal_i2c.o(i.HAL_I2C_Master_Abort_IT) refers to stm32l4xx_hal_i2c.o(i.I2C_TransferConfig) for I2C_TransferConfig
    stm32l4xx_hal_i2c.o(i.HAL_I2C_Master_Abort_IT) refers to stm32l4xx_hal_i2c.o(i.I2C_Enable_IRQ) for I2C_Enable_IRQ
    stm32l4xx_hal_i2c.o(i.HAL_I2C_Master_Receive) refers to stm32l4xx_hal.o(i.HAL_GetTick) for HAL_GetTick
    stm32l4xx_hal_i2c.o(i.HAL_I2C_Master_Receive) refers to stm32l4xx_hal_i2c.o(i.I2C_WaitOnFlagUntilTimeout) for I2C_WaitOnFlagUntilTimeout
    stm32l4xx_hal_i2c.o(i.HAL_I2C_Master_Receive) refers to stm32l4xx_hal_i2c.o(i.I2C_TransferConfig) for I2C_TransferConfig
    stm32l4xx_hal_i2c.o(i.HAL_I2C_Master_Receive) refers to stm32l4xx_hal_i2c.o(i.I2C_WaitOnRXNEFlagUntilTimeout) for I2C_WaitOnRXNEFlagUntilTimeout
[...]
    Removing stm32l4xx_hal_rcc_ex.o(i.HAL_RCCEx_CRSSoftwareSynchronizationGenerate), (16 bytes).
    Removing stm32l4xx_hal_rcc_ex.o(i.HAL_RCCEx_CRSWaitSynchronization), (128 bytes).
    Removing stm32l4xx_hal_rcc_ex.o(i.HAL_RCCEx_CRS_ErrorCallback), (2 bytes).
    Removing stm32l4xx_hal_rcc_ex.o(i.HAL_RCCEx_CRS_ExpectedSyncCallback), (2 bytes).
    Removing stm32l4xx_hal_rcc_ex.o(i.HAL_RCCEx_CRS_IRQHandler), (108 bytes).
    Removing stm32l4xx_hal_rcc_ex.o(i.HAL_RCCEx_CRS_SyncOkCallback), (2 bytes).
    Removing stm32l4xx_hal_rcc_ex.o(i.HAL_RCCEx_CRS_SyncWarnCallback), (2 bytes).
    Removing stm32l4xx_hal_rcc_ex.o(i.HAL_RCCEx_DisableLSCO), (88 bytes).
    Removing stm32l4xx_hal_rcc_ex.o(i.HAL_RCCEx_DisableLSECSS), (28 bytes).
    Removing stm32l4xx_hal_rcc_ex.o(i.HAL_RCCEx_DisableMSIPLLMode), (16 bytes).
    Removing stm32l4xx_hal_rcc_ex.o(i.HAL_RCCEx_DisablePLLSAI1), (80 bytes).
    Removing stm32l4xx_hal_rcc_ex.o(i.HAL_RCCEx_EnableLSCO), (140 bytes).
    Removing stm32l4xx_hal_rcc_ex.o(i.HAL_RCCEx_EnableLSECSS), (20 bytes).
    Removing stm32l4xx_hal_rcc_ex.o(i.HAL_RCCEx_EnableLSECSS_IT), (56 bytes).
    Removing stm32l4xx_hal_rcc_ex.o(i.HAL_RCCEx_EnablePLLSAI1), (144 bytes).
    Removing stm32l4xx_hal_rcc_ex.o(i.HAL_RCCEx_GetPeriphCLKConfig), (212 bytes).
    Removing stm32l4xx_hal_rcc_ex.o(i.HAL_RCCEx_GetPeriphCLKFreq), (952 bytes).
    Removing stm32l4xx_hal_rcc_ex.o(i.HAL_RCCEx_LSECSS_Callback), (2 bytes).
    Removing stm32l4xx_hal_rcc_ex.o(i.HAL_RCCEx_LSECSS_IRQHandler), (24 bytes).
    Removing stm32l4xx_hal_rcc_ex.o(i.HAL_RCCEx_StandbyMSIRangeConfig), (24 bytes).
    Removing stm32l4xx_hal_rcc_ex.o(i.HAL_RCCEx_WakeUpStopCLKConfig), (20 bytes).
    Removing stm32l4xx_hal_flash_ramfunc.o(.rev16_text), (4 bytes).
    Removing stm32l4xx_hal_flash_ramfunc.o(.revsh_text), (4 bytes).
    Removing stm32l4xx_hal_flash_ramfunc.o(.rrx_text), (6 bytes).
    Removing stm32l4xx_hal_flash_ramfunc.o(i.HAL_FLASHEx_DisableRunPowerDown), (36 bytes).
    Removing stm32l4xx_hal_flash_ramfunc.o(i.HAL_FLASHEx_EnableRunPowerDown), (36 bytes).
    Removing stm32l4xx_hal_cortex.o(.rev16_text), (4 bytes).
    Removing stm32l4xx_hal_cortex.o(.revsh_text), (4 bytes).
    Removing stm32l4xx_hal_cortex.o(.rrx_text), (6 bytes).
    Removing stm32l4xx_hal_cortex.o(i.HAL_MPU_ConfigRegion), (84 bytes).
    Removing stm32l4xx_hal_cortex.o(i.HAL_NVIC_ClearPendingIRQ), (22 bytes).
    Removing stm32l4xx_hal_cortex.o(i.HAL_NVIC_GetActive), (32 bytes).
    Removing stm32l4xx_hal_cortex.o(i.HAL_NVIC_GetPendingIRQ), (32 bytes).
    Removing stm32l4xx_hal_cortex.o(i.HAL_NVIC_GetPriority), (82 bytes).
    Removing stm32l4xx_hal_cortex.o(i.HAL_NVIC_GetPriorityGrouping), (16 bytes).
    Removing stm32l4xx_hal_cortex.o(i.HAL_NVIC_SetPendingIRQ), (22 bytes).
    Removing stm32l4xx_hal_cortex.o(i.HAL_NVIC_SystemReset), (36 bytes).
    Removing stm32l4xx_hal_spi.o(.rev16_text), (4 bytes).
    Removing stm32l4xx_hal_spi.o(.revsh_text), (4 bytes).
    Removing stm32l4xx_hal_spi.o(.rrx_text), (6 bytes).
    Removing stm32l4xx_hal_spi.o(i.HAL_SPI_Abort), (352 bytes).
    Removing stm32l4xx_hal_spi.o(i.HAL_SPI_AbortCpltCallback), (2 bytes).
    Removing stm32l4xx_hal_spi.o(i.HAL_SPI_Abort_IT), (348 bytes).
    Removing stm32l4xx_hal_spi.o(i.HAL_SPI_DMAPause), (38 bytes).
    Removing stm32l4xx_hal_spi.o(i.HAL_SPI_DMAResume), (38 bytes).
    Removing stm32l4xx_hal_spi.o(i.HAL_SPI_DMAStop), (40 bytes).
    Removing stm32l4xx_hal_spi.o(i.HAL_SPI_ErrorCallback), (2 bytes).
    Removing stm32l4xx_hal_spi.o(i.HAL_SPI_GetError), (4 bytes).
    Removing stm32l4xx_hal_spi.o(i.HAL_SPI_GetState), (6 bytes).
    Removing stm32l4xx_hal_spi.o(i.HAL_SPI_MspDeInit), (2 bytes).
    Removing stm32l4xx_hal_spi.o(i.HAL_SPI_MspInit), (2 bytes).
    Removing stm32l4xx_hal_spi.o(i.HAL_SPI_Receive), (372 bytes).
    Removing stm32l4xx_hal_spi.o(i.HAL_SPI_Receive_DMA), (320 bytes).
    Removing stm32l4xx_hal_spi.o(i.HAL_SPI_Receive_IT), (192 bytes).
    Removing stm32l4xx_hal_spi.o(i.HAL_SPI_RxHalfCpltCallback), (2 bytes).
    Removing stm32l4xx_hal_spi.o(i.HAL_SPI_Transmit), (380 bytes).
    Removing stm32l4xx_hal_spi.o(i.HAL_SPI_TransmitReceive), (580 bytes).
    Removing stm32l4xx_hal_spi.o(i.HAL_SPI_TransmitReceive_DMA), (432 bytes).
    Removing stm32l4xx_hal_spi.o(i.HAL_SPI_Transmit_DMA), (256 bytes).
    Removing stm32l4xx_hal_spi.o(i.HAL_SPI_Transmit_IT), (148 bytes).
    Removing stm32l4xx_hal_spi.o(i.HAL_SPI_TxCpltCallback), (2 bytes).
    Removing stm32l4xx_hal_spi.o(i.HAL_SPI_TxHalfCpltCallback), (2 bytes).
    Removing stm32l4xx_hal_spi.o(i.HAL_SPI_TxRxCpltCallback), (2 bytes).
    Removing stm32l4xx_hal_spi.o(i.HAL_SPI_TxRxHalfCpltCallback), (2 bytes).
    Removing stm32l4xx_hal_spi.o(i.SPI_AbortRx_ISR), (128 bytes).
    Removing stm32l4xx_hal_spi.o(i.SPI_AbortTx_ISR), (124 bytes).
    Removing stm32l4xx_hal_spi.o(i.SPI_CloseRx_ISR), (64 bytes).
    Removing stm32l4xx_hal_spi.o(i.SPI_CloseTx_ISR), (76 bytes).
    Removing stm32l4xx_hal_spi.o(i.SPI_DMAError), (34 bytes).
    Removing stm32l4xx_hal_spi.o(i.SPI_DMAHalfReceiveCplt), (10 bytes).
    Removing stm32l4xx_hal_spi.o(i.SPI_DMAHalfTransmitCplt), (10 bytes).
    Removing stm32l4xx_hal_spi.o(i.SPI_DMAHalfTransmitReceiveCplt), (10 bytes).
    Removing stm32l4xx_hal_spi.o(i.SPI_DMAReceiveCplt), (86 bytes).
    Removing stm32l4xx_hal_spi.o(i.SPI_DMARxAbortCallback), (128 bytes).
    Removing stm32l4xx_hal_spi.o(i.SPI_DMATransmitCplt), (100 bytes).
    Removing stm32l4xx_hal_spi.o(i.SPI_DMATransmitReceiveCplt), (92 bytes).
    Removing stm32l4xx_hal_spi.o(i.SPI_DMATxAbortCallback), (124 bytes).
    Removing stm32l4xx_hal_spi.o(i.SPI_EndRxTransaction), (116 bytes).
    Removing stm32l4xx_hal_spi.o(i.SPI_RxISR_16BIT), (38 bytes).
    Removing stm32l4xx_hal_spi.o(i.SPI_RxISR_8BIT), (36 bytes).
    Removing stm32l4xx_hal_spi.o(i.SPI_TxISR_16BIT), (32 bytes).
    Removing stm32l4xx_hal_spi.o(i.SPI_TxISR_8BIT), (30 bytes).
    Removing stm32l4xx_hal_dma.o(.rev16_text), (4 bytes).
    Removing stm32l4xx_hal_dma.o(.revsh_text), (4 bytes).
    Removing stm32l4xx_hal_dma.o(.rrx_text), (6 bytes).
    Removing stm32l4xx_hal_dma.o(i.DMA_SetConfig), (42 bytes).
    Removing stm32l4xx_hal_dma.o(i.HAL_DMA_Abort), (68 bytes).
    Removing stm32l4xx_hal_dma.o(i.HAL_DMA_DeInit), (140 bytes).
    Removing stm32l4xx_hal_dma.o(i.HAL_DMA_GetError), (4 bytes).
    Removing stm32l4xx_hal_dma.o(i.HAL_DMA_GetState), (6 bytes).
    Removing stm32l4xx_hal_dma.o(i.HAL_DMA_IRQHandler), (168 bytes).
    Removing stm32l4xx_hal_dma.o(i.HAL_DMA_Init), (192 bytes).
    Removing stm32l4xx_hal_dma.o(i.HAL_DMA_PollForTransfer), (212 bytes).
    Removing stm32l4xx_hal_dma.o(i.HAL_DMA_RegisterCallback), (74 bytes).
    Removing stm32l4xx_hal_dma.o(i.HAL_DMA_Start), (80 bytes).
    Removing stm32l4xx_hal_dma.o(i.HAL_DMA_Start_IT), (112 bytes).
    Removing stm32l4xx_hal_dma.o(i.HAL_DMA_UnRegisterCallback), (82 bytes).
    Removing stm32l4xx_hal_flash.o(.rev16_text), (4 bytes).
    Removing stm32l4xx_hal_flash.o(.revsh_text), (4 bytes).
    Removing stm32l4xx_hal_flash.o(.rrx_text), (6 bytes).
    Removing stm32l4xx_hal_flash.o(i.FLASH_Program_DoubleWord), (24 bytes).
    Removing stm32l4xx_hal_flash.o(i.FLASH_Program_Fast), (36 bytes).
    Removing stm32l4xx_hal_flash.o(i.FLASH_SetErrorCode), (204 bytes).
    Removing stm32l4xx_hal_flash.o(i.FLASH_WaitForLastOperation), (136 bytes).
    Removing stm32l4xx_hal_flash.o(i.HAL_FLASH_EndOfOperationCallback), (2 bytes).
    Removing stm32l4xx_hal_flash.o(i.HAL_FLASH_GetError), (12 bytes).
    Removing stm32l4xx_hal_flash.o(i.HAL_FLASH_IRQHandler), (284 bytes).
    Removing stm32l4xx_hal_flash.o(i.HAL_FLASH_Lock), (20 bytes).
    Removing stm32l4xx_hal_flash.o(i.HAL_FLASH_OB_Launch), (24 bytes).
    Removing stm32l4xx_hal_flash.o(i.HAL_FLASH_OB_Lock), (20 bytes).
    Removing stm32l4xx_hal_flash.o(i.HAL_FLASH_OB_Unlock), (36 bytes).
    Removing stm32l4xx_hal_flash.o(i.HAL_FLASH_OperationErrorCallback), (2 bytes).
    Removing stm32l4xx_hal_flash.o(i.HAL_FLASH_Program), (170 bytes).
    Removing stm32l4xx_hal_flash.o(i.HAL_FLASH_Program_IT), (120 bytes).
    Removing stm32l4xx_hal_flash.o(i.HAL_FLASH_Unlock), (36 bytes).
    Removing stm32l4xx_hal_flash.o(.bss), (32 bytes).
    Removing stm32l4xx_hal_rtc.o(.rev16_text), (4 bytes).
    Removing stm32l4xx_hal_rtc.o(.revsh_text), (4 bytes).
    Removing stm32l4xx_hal_rtc.o(.rrx_text), (6 bytes).
    Removing stm32l4xx_hal_rtc.o(i.HAL_RTC_AlarmAEventCallback), (2 bytes).
    Removing stm32l4xx_hal_rtc.o(i.HAL_RTC_AlarmIRQHandler), (116 bytes).
    Removing stm32l4xx_hal_rtc.o(i.HAL_RTC_DeInit), (224 bytes).
    Removing stm32l4xx_hal_rtc.o(i.HAL_RTC_DeactivateAlarm), (186 bytes).
    Removing stm32l4xx_hal_rtc.o(i.HAL_RTC_GetAlarm), (126 bytes).
    Removing stm32l4xx_hal_rtc.o(i.HAL_RTC_GetState), (6 bytes).
    Removing stm32l4xx_hal_rtc.o(i.HAL_RTC_MspDeInit), (2 bytes).
    Removing stm32l4xx_hal_rtc.o(i.HAL_RTC_MspInit), (2 bytes).
    Removing stm32l4xx_hal_rtc.o(i.HAL_RTC_PollForAlarmAEvent), (70 bytes).
    Removing stm32l4xx_hal_rtc.o(i.HAL_RTC_SetAlarm), (368 bytes).
    Removing stm32l4xx_hal_rtc.o(i.HAL_RTC_SetAlarm_IT), (422 bytes).
    Removing stm32l4xx_hal_pwr.o(.rev16_text), (4 bytes).
    Removing stm32l4xx_hal_pwr.o(.revsh_text), (4 bytes).
    Removing stm32l4xx_hal_pwr.o(.rrx_text), (6 bytes).
    Removing stm32l4xx_hal_pwr.o(i.HAL_PWR_ConfigPVD), (128 bytes).
    Removing stm32l4xx_hal_pwr.o(i.HAL_PWR_DeInit), (24 bytes).
    Removing stm32l4xx_hal_pwr.o(i.HAL_PWR_DisableBkUpAccess), (16 bytes).
    Removing stm32l4xx_hal_pwr.o(i.HAL_PWR_DisablePVD), (16 bytes).
    Removing stm32l4xx_hal_pwr.o(i.HAL_PWR_DisableSEVOnPend), (16 bytes).
    Removing stm32l4xx_hal_pwr.o(i.HAL_PWR_DisableSleepOnExit), (16 bytes).
    Removing stm32l4xx_hal_pwr.o(i.HAL_PWR_DisableWakeUpPin), (20 bytes).
    Removing stm32l4xx_hal_pwr.o(i.HAL_PWR_EnableBkUpAccess), (16 bytes).
    Removing stm32l4xx_hal_pwr.o(i.HAL_PWR_EnablePVD), (16 bytes).
    Removing stm32l4xx_hal_pwr.o(i.HAL_PWR_EnableSEVOnPend), (16 bytes).
    Removing stm32l4xx_hal_pwr.o(i.HAL_PWR_EnableSleepOnExit), (16 bytes).
    Removing stm32l4xx_hal_pwr.o(i.HAL_PWR_EnableWakeUpPin), (28 bytes).
    Removing stm32l4xx_hal_pwr.o(i.HAL_PWR_EnterSLEEPMode), (68 bytes).
    Removing stm32l4xx_hal_pwr.o(i.HAL_PWR_EnterSTANDBYMode), (36 bytes).
    Removing stm32l4xx_hal_pwr.o(i.HAL_PWR_EnterSTOPMode), (16 bytes).
    Removing stm32l4xx_hal_pwr.o(i.HAL_PWR_PVDCallback), (2 bytes).
    Removing system_stm32l4xx.o(.rev16_text), (4 bytes).
    Removing system_stm32l4xx.o(.revsh_text), (4 bytes).
    Removing system_stm32l4xx.o(.rrx_text), (6 bytes).
    Removing system_stm32l4xx.o(i.SystemCoreClockUpdate), (168 bytes).
    Removing adc.o(.rev16_text), (4 bytes).
    Removing adc.o(.revsh_text), (4 bytes).
    Removing adc.o(.rrx_text), (6 bytes).
    Removing usart.o(.rev16_text), (4 bytes).
    Removing usart.o(.revsh_text), (4 bytes).
    Removing usart.o(.rrx_text), (6 bytes).
    Removing stm32l4xx_hal_msp.o(.rev16_text), (4 bytes).
    Removing stm32l4xx_hal_msp.o(.revsh_text), (4 bytes).
    Removing stm32l4xx_hal_msp.o(.rrx_text), (6 bytes).
    Removing spi.o(.rev16_text), (4 bytes).
    Removing spi.o(.revsh_text), (4 bytes).
    Removing spi.o(.rrx_text), (6 bytes).
    Removing rtc.o(.rev16_text), (4 bytes).
    Removing rtc.o(.revsh_text), (4 bytes).
    Removing rtc.o(.rrx_text), (6 bytes).
    Removing rtc.o(i.HAL_RTC_MspDeInit), (32 bytes).
    Removing gpio.o(.rev16_text), (4 bytes).
    Removing gpio.o(.revsh_text), (4 bytes).
    Removing gpio.o(.rrx_text), (6 bytes).
    Removing main.o(.rev16_text), (4 bytes).
    Removing main.o(.revsh_text), (4 bytes).
    Removing main.o(.rrx_text), (6 bytes).
    Removing i2c.o(.rev16_text), (4 bytes).
    Removing i2c.o(.revsh_text), (4 bytes).
    Removing i2c.o(.rrx_text), (6 bytes).
    Removing i2c.o(i.HAL_I2C_MspDeInit), (44 bytes).
    Removing i2c.o(i.HAL_I2C_MspInit), (76 bytes).
    Removing i2c.o(i.MX_I2C1_Init), (116 bytes).
    Removing i2c.o(.bss), (76 bytes).
    Removing stm32l4xx_it.o(.rev16_text), (4 bytes).
    Removing stm32l4xx_it.o(.revsh_text), (4 bytes).
    Removing stm32l4xx_it.o(.rrx_text), (6 bytes).
    Removing startup_stm32l433xx.o(HEAP), (512 bytes).
    Removing dadd.o(.text), (350 bytes).
    Removing dmul.o(.text), (234 bytes).
    Removing ddiv.o(.text), (222 bytes).
    Removing dfixul.o(.text), (48 bytes).
    Removing cdrcmple.o(.text), (48 bytes).
    Removing depilogue.o(.text), (186 bytes).

676 unused section(s) (total 50362 bytes) removed from the image.

==============================================================================

Image Symbol Table

    Local Symbols

    Symbol Name                              Value     Ov Type        Size  Object(Section)

    ../Drivers/STM32L4xx_HAL_Driver/Src/stm32l4xx_hal.c 0x00000000   Number         0  stm32l4xx_hal.o ABSOLUTE
    ../Drivers/STM32L4xx_HAL_Driver/Src/stm32l4xx_hal_adc.c 0x00000000   Number         0  stm32l4xx_hal_adc.o ABSOLUTE
    ../Drivers/STM32L4xx_HAL_Driver/Src/stm32l4xx_hal_adc_ex.c 0x00000000   Number         0  stm32l4xx_hal_adc_ex.o ABSOLUTE
    ../Drivers/STM32L4xx_HAL_Driver/Src/stm32l4xx_hal_cortex.c 0x00000000   Number         0  stm32l4xx_hal_cortex.o ABSOLUTE
    ../Drivers/STM32L4xx_HAL_Driver/Src/stm32l4xx_hal_dma.c 0x00000000   Number         0  stm32l4xx_hal_dma.o ABSOLUTE
    ../Drivers/STM32L4xx_HAL_Driver/Src/stm32l4xx_hal_flash.c 0x00000000   Number         0  stm32l4xx_hal_flash.o ABSOLUTE
    ../Drivers/STM32L4xx_HAL_Driver/Src/stm32l4xx_hal_flash_ex.c 0x00000000   Number         0  stm32l4xx_hal_flash_ex.o ABSOLUTE
    ../Drivers/STM32L4xx_HAL_Driver/Src/stm32l4xx_hal_flash_ramfunc.c 0x00000000   Number         0  stm32l4xx_hal_flash_ramfunc.o ABSOLUTE
    ../Drivers/STM32L4xx_HAL_Driver/Src/stm32l4xx_hal_gpio.c 0x00000000   Number         0  stm32l4xx_hal_gpio.o ABSOLUTE
    ../Drivers/STM32L4xx_HAL_Driver/Src/stm32l4xx_hal_i2c.c 0x00000000   Number         0  stm32l4xx_hal_i2c.o ABSOLUTE
    ../Drivers/STM32L4xx_HAL_Driver/Src/stm32l4xx_hal_i2c_ex.c 0x00000000   Number         0  stm32l4xx_hal_i2c_ex.o ABSOLUTE
    ../Drivers/STM32L4xx_HAL_Driver/Src/stm32l4xx_hal_pwr.c 0x00000000   Number         0  stm32l4xx_hal_pwr.o ABSOLUTE
    ../Drivers/STM32L4xx_HAL_Driver/Src/stm32l4xx_hal_pwr_ex.c 0x00000000   Number         0  stm32l4xx_hal_pwr_ex.o ABSOLUTE
    ../Drivers/STM32L4xx_HAL_Driver/Src/stm32l4xx_hal_rcc.c 0x00000000   Number         0  stm32l4xx_hal_rcc.o ABSOLUTE
    ../Drivers/STM32L4xx_HAL_Driver/Src/stm32l4xx_hal_rcc_ex.c 0x00000000   Number         0  stm32l4xx_hal_rcc_ex.o ABSOLUTE
    ../Drivers/STM32L4xx_HAL_Driver/Src/stm32l4xx_hal_rtc.c 0x00000000   Number         0  stm32l4xx_hal_rtc.o ABSOLUTE
    ../Drivers/STM32L4xx_HAL_Driver/Src/stm32l4xx_hal_rtc_ex.c 0x00000000   Number         0  stm32l4xx_hal_rtc_ex.o ABSOLUTE
    ../Drivers/STM32L4xx_HAL_Driver/Src/stm32l4xx_hal_spi.c 0x00000000   Number         0  stm32l4xx_hal_spi.o ABSOLUTE
    ../Drivers/STM32L4xx_HAL_Driver/Src/stm32l4xx_hal_spi_ex.c 0x00000000   Number         0  stm32l4xx_hal_spi_ex.o ABSOLUTE
    ../Drivers/STM32L4xx_HAL_Driver/Src/stm32l4xx_hal_tim.c 0x00000000   Number         0  stm32l4xx_hal_tim.o ABSOLUTE
    ../Drivers/STM32L4xx_HAL_Driver/Src/stm32l4xx_hal_tim_ex.c 0x00000000   Number         0  stm32l4xx_hal_tim_ex.o ABSOLUTE
    ../Drivers/STM32L4xx_HAL_Driver/Src/stm32l4xx_hal_uart.c 0x00000000   Number         0  stm32l4xx_hal_uart.o ABSOLUTE
    ../Drivers/STM32L4xx_HAL_Driver/Src/stm32l4xx_hal_uart_ex.c 0x00000000   Number         0  stm32l4xx_hal_uart_ex.o ABSOLUTE
    ../Src/adc.c                             0x00000000   Number         0  adc.o ABSOLUTE
    ../Src/gpio.c                            0x00000000   Number         0  gpio.o ABSOLUTE
    ../Src/i2c.c                             0x00000000   Number         0  i2c.o ABSOLUTE
    ../Src/main.c                            0x00000000   Number         0  main.o ABSOLUTE
    ../Src/rtc.c                             0x00000000   Number         0  rtc.o ABSOLUTE
    ../Src/spi.c                             0x00000000   Number         0  spi.o ABSOLUTE
    ../Src/stm32l4xx_hal_msp.c               0x00000000   Number         0  stm32l4xx_hal_msp.o ABSOLUTE
    ../Src/stm32l4xx_it.c                    0x00000000   Number         0  stm32l4xx_it.o ABSOLUTE
    ../Src/system_stm32l4xx.c                0x00000000   Number         0  system_stm32l4xx.o ABSOLUTE
    ../Src/usart.c                           0x00000000   Number         0  usart.o ABSOLUTE
    ../clib/microlib/division.c              0x00000000   Number         0  uidiv.o ABSOLUTE
    ../clib/microlib/division.c              0x00000000   Number         0  uldiv.o ABSOLUTE
    ../clib/microlib/init/entry.s            0x00000000   Number         0  entry10b.o ABSOLUTE
    ../clib/microlib/init/entry.s            0x00000000   Number         0  entry10a.o ABSOLUTE
    ../clib/microlib/init/entry.s            0x00000000   Number         0  entry9b.o ABSOLUTE
    ../clib/microlib/init/entry.s            0x00000000   Number         0  entry9a.o ABSOLUTE
    ../clib/microlib/init/entry.s            0x00000000   Number         0  entry8b.o ABSOLUTE
    ../clib/microlib/init/entry.s            0x00000000   Number         0  entry8a.o ABSOLUTE
    ../clib/microlib/init/entry.s            0x00000000   Number         0  entry7b.o ABSOLUTE
    ../clib/microlib/init/entry.s            0x00000000   Number         0  entry5.o ABSOLUTE
    ../clib/microlib/init/entry.s            0x00000000   Number         0  entry2.o ABSOLUTE
    ../clib/microlib/init/entry.s            0x00000000   Number         0  entry.o ABSOLUTE
    ../clib/microlib/init/entry.s            0x00000000   Number         0  entry7a.o ABSOLUTE
    ../clib/microlib/init/entry.s            0x00000000   Number         0  entry11b.o ABSOLUTE
    ../clib/microlib/init/entry.s            0x00000000   Number         0  entry11a.o ABSOLUTE
    ../clib/microlib/longlong.c              0x00000000   Number         0  llshl.o ABSOLUTE
    ../clib/microlib/longlong.c              0x00000000   Number         0  llsshr.o ABSOLUTE
    ../clib/microlib/longlong.c              0x00000000   Number         0  llushr.o ABSOLUTE
    ../clib/microlib/printf/printf.c         0x00000000   Number         0  printf8.o ABSOLUTE
    ../clib/microlib/printf/printf.c         0x00000000   Number         0  printfa.o ABSOLUTE
    ../clib/microlib/printf/printf.c         0x00000000   Number         0  printfb.o ABSOLUTE
    ../clib/microlib/printf/printf.c         0x00000000   Number         0  printf0.o ABSOLUTE
    ../clib/microlib/printf/printf.c         0x00000000   Number         0  printf3.o ABSOLUTE
    ../clib/microlib/printf/printf.c         0x00000000   Number         0  printf1.o ABSOLUTE
    ../clib/microlib/printf/printf.c         0x00000000   Number         0  printf2.o ABSOLUTE
    ../clib/microlib/printf/printf.c         0x00000000   Number         0  printf4.o ABSOLUTE
    ../clib/microlib/printf/printf.c         0x00000000   Number         0  printf5.o ABSOLUTE
    ../clib/microlib/printf/printf.c         0x00000000   Number         0  printf6.o ABSOLUTE
    ../clib/microlib/printf/printf.c         0x00000000   Number         0  printf7.o ABSOLUTE
    ../clib/microlib/printf/stubs.s          0x00000000   Number         0  stubs.o ABSOLUTE
    ../clib/microlib/stdio/fputc.c           0x00000000   Number         0  fputc.o ABSOLUTE
    ../clib/microlib/stdio/semi.s            0x00000000   Number         0  semi.o ABSOLUTE
    ../clib/microlib/stdio/streams.c         0x00000000   Number         0  stdout.o ABSOLUTE
    ../clib/microlib/string/strlen.c         0x00000000   Number         0  strlen.o ABSOLUTE
    ../clib/microlib/stubs.s                 0x00000000   Number         0  iusesemip.o ABSOLUTE
    ../clib/microlib/stubs.s                 0x00000000   Number         0  iusefp.o ABSOLUTE
    ../fplib/microlib/fpadd.c                0x00000000   Number         0  dadd.o ABSOLUTE
    ../fplib/microlib/fpdiv.c                0x00000000   Number         0  ddiv.o ABSOLUTE
    ../fplib/microlib/fpepilogue.c           0x00000000   Number         0  depilogue.o ABSOLUTE
    ../fplib/microlib/fpfix.c                0x00000000   Number         0  dfixul.o ABSOLUTE
    ../fplib/microlib/fpmul.c                0x00000000   Number         0  dmul.o ABSOLUTE
    ..\Drivers\STM32L4xx_HAL_Driver\Src\stm32l4xx_hal.c 0x00000000   Number         0  stm32l4xx_hal.o ABSOLUTE
    ..\Drivers\STM32L4xx_HAL_Driver\Src\stm32l4xx_hal_adc.c 0x00000000   Number         0  stm32l4xx_hal_adc.o ABSOLUTE
    ..\Drivers\STM32L4xx_HAL_Driver\Src\stm32l4xx_hal_adc_ex.c 0x00000000   Number         0  stm32l4xx_hal_adc_ex.o ABSOLUTE
    ..\Drivers\STM32L4xx_HAL_Driver\Src\stm32l4xx_hal_cortex.c 0x00000000   Number         0  stm32l4xx_hal_cortex.o ABSOLUTE
    ..\Drivers\STM32L4xx_HAL_Driver\Src\stm32l4xx_hal_dma.c 0x00000000   Number         0  stm32l4xx_hal_dma.o ABSOLUTE
    ..\Drivers\STM32L4xx_HAL_Driver\Src\stm32l4xx_hal_flash.c 0x00000000   Number         0  stm32l4xx_hal_flash.o ABSOLUTE
    ..\Drivers\STM32L4xx_HAL_Driver\Src\stm32l4xx_hal_flash_ex.c 0x00000000   Number         0  stm32l4xx_hal_flash_ex.o ABSOLUTE
    ..\Drivers\STM32L4xx_HAL_Driver\Src\stm32l4xx_hal_flash_ramfunc.c 0x00000000   Number         0  stm32l4xx_hal_flash_ramfunc.o ABSOLUTE
    ..\Drivers\STM32L4xx_HAL_Driver\Src\stm32l4xx_hal_gpio.c 0x00000000   Number         0  stm32l4xx_hal_gpio.o ABSOLUTE
    ..\Drivers\STM32L4xx_HAL_Driver\Src\stm32l4xx_hal_i2c.c 0x00000000   Number         0  stm32l4xx_hal_i2c.o ABSOLUTE
    ..\Drivers\STM32L4xx_HAL_Driver\Src\stm32l4xx_hal_i2c_ex.c 0x00000000   Number         0  stm32l4xx_hal_i2c_ex.o ABSOLUTE
    ..\Drivers\STM32L4xx_HAL_Driver\Src\stm32l4xx_hal_pwr.c 0x00000000   Number         0  stm32l4xx_hal_pwr.o ABSOLUTE
    ..\Drivers\STM32L4xx_HAL_Driver\Src\stm32l4xx_hal_pwr_ex.c 0x00000000   Number         0  stm32l4xx_hal_pwr_ex.o ABSOLUTE
    ..\Drivers\STM32L4xx_HAL_Driver\Src\stm32l4xx_hal_rcc.c 0x00000000   Number         0  stm32l4xx_hal_rcc.o ABSOLUTE
    ..\Drivers\STM32L4xx_HAL_Driver\Src\stm32l4xx_hal_rcc_ex.c 0x00000000   Number         0  stm32l4xx_hal_rcc_ex.o ABSOLUTE
    ..\Drivers\STM32L4xx_HAL_Driver\Src\stm32l4xx_hal_rtc.c 0x00000000   Number         0  stm32l4xx_hal_rtc.o ABSOLUTE
    ..\Drivers\STM32L4xx_HAL_Driver\Src\stm32l4xx_hal_rtc_ex.c 0x00000000   Number         0  stm32l4xx_hal_rtc_ex.o ABSOLUTE
    ..\Drivers\STM32L4xx_HAL_Driver\Src\stm32l4xx_hal_spi.c 0x00000000   Number         0  stm32l4xx_hal_spi.o ABSOLUTE
    ..\Drivers\STM32L4xx_HAL_Driver\Src\stm32l4xx_hal_spi_ex.c 0x00000000   Number         0  stm32l4xx_hal_spi_ex.o ABSOLUTE
    ..\Drivers\STM32L4xx_HAL_Driver\Src\stm32l4xx_hal_tim.c 0x00000000   Number         0  stm32l4xx_hal_tim.o ABSOLUTE
    ..\Drivers\STM32L4xx_HAL_Driver\Src\stm32l4xx_hal_tim_ex.c 0x00000000   Number         0  stm32l4xx_hal_tim_ex.o ABSOLUTE
    ..\Drivers\STM32L4xx_HAL_Driver\Src\stm32l4xx_hal_uart.c 0x00000000   Number         0  stm32l4xx_hal_uart.o ABSOLUTE
    ..\Drivers\STM32L4xx_HAL_Driver\Src\stm32l4xx_hal_uart_ex.c 0x00000000   Number         0  stm32l4xx_hal_uart_ex.o ABSOLUTE
    ..\Src\adc.c                             0x00000000   Number         0  adc.o ABSOLUTE
    ..\Src\gpio.c                            0x00000000   Number         0  gpio.o ABSOLUTE
    ..\Src\i2c.c                             0x00000000   Number         0  i2c.o ABSOLUTE
    ..\Src\main.c                            0x00000000   Number         0  main.o ABSOLUTE
    ..\Src\rtc.c                             0x00000000   Number         0  rtc.o ABSOLUTE
    ..\Src\spi.c                             0x00000000   Number         0  spi.o ABSOLUTE
    ..\Src\stm32l4xx_hal_msp.c               0x00000000   Number         0  stm32l4xx_hal_msp.o ABSOLUTE
    ..\Src\stm32l4xx_it.c                    0x00000000   Number         0  stm32l4xx_it.o ABSOLUTE
    ..\Src\system_stm32l4xx.c                0x00000000   Number         0  system_stm32l4xx.o ABSOLUTE
    ..\Src\usart.c                           0x00000000   Number         0  usart.o ABSOLUTE
    cdrcmple.s                               0x00000000   Number         0  cdrcmple.o ABSOLUTE
    dc.s                                     0x00000000   Number         0  dc.o ABSOLUTE
    handlers.s                               0x00000000   Number         0  handlers.o ABSOLUTE
    init.s                                   0x00000000   Number         0  init.o ABSOLUTE
    startup_stm32l433xx.s                    0x00000000   Number         0  startup_stm32l433xx.o ABSOLUTE
    RESET                                    0x08000000   Section      396  startup_stm32l433xx.o(RESET)
    .ARM.Collect$$$$00000000                 0x0800018c   Section        0  entry.o(.ARM.Collect$$$$00000000)
    .ARM.Collect$$$$00000001                 0x0800018c   Section        4  entry2.o(.ARM.Collect$$$$00000001)
    .ARM.Collect$$$$00000004                 0x08000190   Section        4  entry5.o(.ARM.Collect$$$$00000004)
    .ARM.Collect$$$$00000008                 0x08000194   Section        0  entry7b.o(.ARM.Collect$$$$00000008)
    .ARM.Collect$$$$0000000A                 0x08000194   Section        0  entry8b.o(.ARM.Collect$$$$0000000A)
    .ARM.Collect$$$$0000000B                 0x08000194   Section        8  entry9a.o(.ARM.Collect$$$$0000000B)
    .ARM.Collect$$$$0000000D                 0x0800019c   Section        0  entry10a.o(.ARM.Collect$$$$0000000D)
    .ARM.Collect$$$$0000000F                 0x0800019c   Section        0  entry11a.o(.ARM.Collect$$$$0000000F)
    .ARM.Collect$$$$00002712                 0x0800019c   Section        4  entry2.o(.ARM.Collect$$$$00002712)
    __lit__00000000                          0x0800019c   Data           4  entry2.o(.ARM.Collect$$$$00002712)
    .text                                    0x080001a0   Section       36  startup_stm32l433xx.o(.text)
    $v0                                      0x080001a0   Number         0  startup_stm32l433xx.o(.text)
    .text                                    0x080001c4   Section        0  uldiv.o(.text)
    .text                                    0x0800022c   Section        0  strlen.o(.text)
    .text                                    0x0800023a   Section        0  llshl.o(.text)
    .text                                    0x08000258   Section        0  llushr.o(.text)
    .text                                    0x08000278   Section       36  init.o(.text)
    i.ADC_ConversionStop                     0x0800029c   Section        0  stm32l4xx_hal_adc.o(i.ADC_ConversionStop)
    i.ADC_Disable                            0x08000358   Section        0  stm32l4xx_hal_adc.o(i.ADC_Disable)
    i.BusFault_Handler                       0x080003ba   Section        0  stm32l4xx_it.o(i.BusFault_Handler)
    i.DebugMon_Handler                       0x080003bc   Section        0  stm32l4xx_it.o(i.DebugMon_Handler)
    i.EXTI1_IRQHandler                       0x080003be   Section        0  stm32l4xx_it.o(i.EXTI1_IRQHandler)
    i.EXTI9_5_IRQHandler                     0x080003c4   Section        0  stm32l4xx_it.o(i.EXTI9_5_IRQHandler)
    i.HAL_ADC_ConfigChannel                  0x0800041c   Section        0  stm32l4xx_hal_adc.o(i.HAL_ADC_ConfigChannel)
    i.HAL_ADC_DeInit                         0x08000824   Section        0  stm32l4xx_hal_adc.o(i.HAL_ADC_DeInit)
    i.HAL_ADC_Init                           0x08000990   Section        0  stm32l4xx_hal_adc.o(i.HAL_ADC_Init)
    i.HAL_ADC_MspDeInit                      0x08000b4c   Section        0  adc.o(i.HAL_ADC_MspDeInit)
    i.HAL_ADC_MspInit                        0x08000b68   Section        0  adc.o(i.HAL_ADC_MspInit)
    i.HAL_DMA_Abort_IT                       0x08000b90   Section        0  stm32l4xx_hal_dma.o(i.HAL_DMA_Abort_IT)
    i.HAL_Delay                              0x08000bda   Section        0  stm32l4xx_hal.o(i.HAL_Delay)
    i.HAL_GPIO_DeInit                        0x08000bf8   Section        0  stm32l4xx_hal_gpio.o(i.HAL_GPIO_DeInit)
    i.HAL_GPIO_EXTI_Callback                 0x08000d1a   Section        0  stm32l4xx_hal_gpio.o(i.HAL_GPIO_EXTI_Callback)
    i.HAL_GPIO_EXTI_IRQHandler               0x08000d1c   Section        0  stm32l4xx_hal_gpio.o(i.HAL_GPIO_EXTI_IRQHandler)
    i.HAL_GPIO_Init                          0x08000d34   Section        0  stm32l4xx_hal_gpio.o(i.HAL_GPIO_Init)
    i.HAL_GPIO_WritePin                      0x08000ec2   Section        0  stm32l4xx_hal_gpio.o(i.HAL_GPIO_WritePin)
    i.HAL_GetTick                            0x08000ecc   Section        0  stm32l4xx_hal.o(i.HAL_GetTick)
    i.HAL_IncTick                            0x08000ed8   Section        0  stm32l4xx_hal.o(i.HAL_IncTick)
    i.HAL_Init                               0x08000ee8   Section        0  stm32l4xx_hal.o(i.HAL_Init)
    i.HAL_InitTick                           0x08000f00   Section        0  stm32l4xx_hal.o(i.HAL_InitTick)
    i.HAL_MspInit                            0x08000f28   Section        0  stm32l4xx_hal_msp.o(i.HAL_MspInit)
    i.HAL_NVIC_DisableIRQ                    0x08000fa8   Section        0  stm32l4xx_hal_cortex.o(i.HAL_NVIC_DisableIRQ)
    i.HAL_NVIC_EnableIRQ                     0x08000fbe   Section        0  stm32l4xx_hal_cortex.o(i.HAL_NVIC_EnableIRQ)
    i.HAL_NVIC_SetPriority                   0x08000fd4   Section        0  stm32l4xx_hal_cortex.o(i.HAL_NVIC_SetPriority)
    i.HAL_NVIC_SetPriorityGrouping           0x08001014   Section        0  stm32l4xx_hal_cortex.o(i.HAL_NVIC_SetPriorityGrouping)
    i.HAL_PWREx_ControlVoltageScaling        0x08001038   Section        0  stm32l4xx_hal_pwr_ex.o(i.HAL_PWREx_ControlVoltageScaling)
    i.HAL_PWREx_EnterSTOP2Mode               0x0800109c   Section        0  stm32l4xx_hal_pwr_ex.o(i.HAL_PWREx_EnterSTOP2Mode)
    i.HAL_PWREx_GetVoltageRange              0x080010d4   Section        0  stm32l4xx_hal_pwr_ex.o(i.HAL_PWREx_GetVoltageRange)
    i.HAL_RCCEx_EnableMSIPLLMode             0x080010e4   Section        0  stm32l4xx_hal_rcc_ex.o(i.HAL_RCCEx_EnableMSIPLLMode)
    i.HAL_RCCEx_PeriphCLKConfig              0x080010f4   Section        0  stm32l4xx_hal_rcc_ex.o(i.HAL_RCCEx_PeriphCLKConfig)
    i.HAL_RCC_ClockConfig                    0x080013e4   Section        0  stm32l4xx_hal_rcc.o(i.HAL_RCC_ClockConfig)
    i.HAL_RCC_GetHCLKFreq                    0x08001558   Section        0  stm32l4xx_hal_rcc.o(i.HAL_RCC_GetHCLKFreq)
    i.HAL_RCC_GetPCLK1Freq                   0x08001564   Section        0  stm32l4xx_hal_rcc.o(i.HAL_RCC_GetPCLK1Freq)
    i.HAL_RCC_GetPCLK2Freq                   0x08001584   Section        0  stm32l4xx_hal_rcc.o(i.HAL_RCC_GetPCLK2Freq)
    i.HAL_RCC_GetSysClockFreq                0x080015a4   Section        0  stm32l4xx_hal_rcc.o(i.HAL_RCC_GetSysClockFreq)
    i.HAL_RCC_OscConfig                      0x08001668   Section        0  stm32l4xx_hal_rcc.o(i.HAL_RCC_OscConfig)
    i.HAL_RTCEx_BKUPRead                     0x08001b18   Section        0  stm32l4xx_hal_rtc_ex.o(i.HAL_RTCEx_BKUPRead)
    i.HAL_RTCEx_BKUPWrite                    0x08001b22   Section        0  stm32l4xx_hal_rtc_ex.o(i.HAL_RTCEx_BKUPWrite)
    i.HAL_RTC_GetDate                        0x08001b2c   Section        0  stm32l4xx_hal_rtc.o(i.HAL_RTC_GetDate)
    i.HAL_RTC_GetTime                        0x08001b70   Section        0  stm32l4xx_hal_rtc.o(i.HAL_RTC_GetTime)
    i.HAL_RTC_Init                           0x08001bc8   Section        0  stm32l4xx_hal_rtc.o(i.HAL_RTC_Init)
    i.HAL_RTC_MspInit                        0x08001c80   Section        0  rtc.o(i.HAL_RTC_MspInit)
    i.HAL_RTC_SetDate                        0x08001ca0   Section        0  stm32l4xx_hal_rtc.o(i.HAL_RTC_SetDate)
    i.HAL_RTC_SetTime                        0x08001d78   Section        0  stm32l4xx_hal_rtc.o(i.HAL_RTC_SetTime)
    i.HAL_RTC_WaitForSynchro                 0x08001e70   Section        0  stm32l4xx_hal_rtc.o(i.HAL_RTC_WaitForSynchro)
    i.HAL_ResumeTick                         0x08001ea6   Section        0  stm32l4xx_hal.o(i.HAL_ResumeTick)
    i.HAL_SPI_DeInit                         0x08001eb4   Section        0  stm32l4xx_hal_spi.o(i.HAL_SPI_DeInit)
    i.HAL_SPI_ErrorCallback                  0x08001ee4   Section        0  main.o(i.HAL_SPI_ErrorCallback)
    i.HAL_SPI_IRQHandler                     0x08001ef0   Section        0  stm32l4xx_hal_spi.o(i.HAL_SPI_IRQHandler)
    i.HAL_SPI_Init                           0x08001fc8   Section        0  stm32l4xx_hal_spi.o(i.HAL_SPI_Init)
    i.HAL_SPI_MspDeInit                      0x08002074   Section        0  spi.o(i.HAL_SPI_MspDeInit)
    i.HAL_SPI_MspInit                        0x080020a8   Section        0  spi.o(i.HAL_SPI_MspInit)
    i.HAL_SPI_RxCpltCallback                 0x08002100   Section        0  stm32l4xx_hal_spi.o(i.HAL_SPI_RxCpltCallback)
    i.HAL_SPI_TransmitReceive_IT             0x08002104   Section        0  stm32l4xx_hal_spi.o(i.HAL_SPI_TransmitReceive_IT)
    i.HAL_SPI_TxRxCpltCallback               0x080021cc   Section        0  main.o(i.HAL_SPI_TxRxCpltCallback)
    i.HAL_SYSTICK_CLKSourceConfig            0x080021d8   Section        0  stm32l4xx_hal_cortex.o(i.HAL_SYSTICK_CLKSourceConfig)
    i.HAL_SYSTICK_Callback                   0x080021f0   Section        0  stm32l4xx_hal_cortex.o(i.HAL_SYSTICK_Callback)
    i.HAL_SYSTICK_Config                     0x080021f2   Section        0  stm32l4xx_hal_cortex.o(i.HAL_SYSTICK_Config)
    i.HAL_SYSTICK_IRQHandler                 0x0800221a   Section        0  stm32l4xx_hal_cortex.o(i.HAL_SYSTICK_IRQHandler)
    i.HAL_SuspendTick                        0x08002222   Section        0  stm32l4xx_hal.o(i.HAL_SuspendTick)
    i.HAL_UART_DeInit                        0x08002230   Section        0  stm32l4xx_hal_uart.o(i.HAL_UART_DeInit)
    i.HAL_UART_Init                          0x08002270   Section        0  stm32l4xx_hal_uart.o(i.HAL_UART_Init)
    i.HAL_UART_MspDeInit                     0x080022dc   Section        0  usart.o(i.HAL_UART_MspDeInit)
    i.HAL_UART_MspInit                       0x08002304   Section        0  usart.o(i.HAL_UART_MspInit)
    i.HAL_UART_Transmit                      0x08002350   Section        0  stm32l4xx_hal_uart.o(i.HAL_UART_Transmit)
    i.HardFault_Handler                      0x08002404   Section        0  stm32l4xx_it.o(i.HardFault_Handler)
    i.MX_ADC1_Init                           0x08002408   Section        0  adc.o(i.MX_ADC1_Init)
    i.MX_GPIO_Init                           0x08002484   Section        0  gpio.o(i.MX_GPIO_Init)
    i.MX_RTC_Init                            0x080025b8   Section        0  rtc.o(i.MX_RTC_Init)
    i.MX_SPI1_Init                           0x08002664   Section        0  spi.o(i.MX_SPI1_Init)
    i.MX_USART1_UART_Init                    0x080026c0   Section        0  usart.o(i.MX_USART1_UART_Init)
    i.MemManage_Handler                      0x08002714   Section        0  stm32l4xx_it.o(i.MemManage_Handler)
    i.NMI_Handler                            0x08002716   Section        0  stm32l4xx_it.o(i.NMI_Handler)
    i.NVIC_SetPriority                       0x08002718   Section        0  stm32l4xx_hal_cortex.o(i.NVIC_SetPriority)
    NVIC_SetPriority                         0x08002719   Thumb Code    32  stm32l4xx_hal_cortex.o(i.NVIC_SetPriority)
    i.PendSV_Handler                         0x08002738   Section        0  stm32l4xx_it.o(i.PendSV_Handler)
    i.RCCEx_PLLSAI1_Config                   0x0800273c   Section        0  stm32l4xx_hal_rcc_ex.o(i.RCCEx_PLLSAI1_Config)
    RCCEx_PLLSAI1_Config                     0x0800273d   Thumb Code   278  stm32l4xx_hal_rcc_ex.o(i.RCCEx_PLLSAI1_Config)
    i.RCC_SetFlashLatencyFromMSIRange        0x08002868   Section        0  stm32l4xx_hal_rcc.o(i.RCC_SetFlashLatencyFromMSIRange)
    RCC_SetFlashLatencyFromMSIRange          0x08002869   Thumb Code   116  stm32l4xx_hal_rcc.o(i.RCC_SetFlashLatencyFromMSIRange)
    i.RTC_Bcd2ToByte                         0x080028e4   Section        0  stm32l4xx_hal_rtc.o(i.RTC_Bcd2ToByte)
    i.RTC_ByteToBcd2                         0x080028f6   Section        0  stm32l4xx_hal_rtc.o(i.RTC_ByteToBcd2)
    i.RTC_EnterInitMode                      0x0800290c   Section        0  stm32l4xx_hal_rtc.o(i.RTC_EnterInitMode)
    i.SPI1_IRQHandler                        0x08002948   Section        0  stm32l4xx_it.o(i.SPI1_IRQHandler)
    i.SPI_2linesRxISR_16BIT                  0x08002954   Section        0  stm32l4xx_hal_spi.o(i.SPI_2linesRxISR_16BIT)
    SPI_2linesRxISR_16BIT                    0x08002955   Thumb Code    54  stm32l4xx_hal_spi.o(i.SPI_2linesRxISR_16BIT)
    i.SPI_2linesRxISR_8BIT                   0x0800298a   Section        0  stm32l4xx_hal_spi.o(i.SPI_2linesRxISR_8BIT)
    SPI_2linesRxISR_8BIT                     0x0800298b   Thumb Code   100  stm32l4xx_hal_spi.o(i.SPI_2linesRxISR_8BIT)
    i.SPI_2linesTxISR_16BIT                  0x080029ee   Section        0  stm32l4xx_hal_spi.o(i.SPI_2linesTxISR_16BIT)
    SPI_2linesTxISR_16BIT                    0x080029ef   Thumb Code    50  stm32l4xx_hal_spi.o(i.SPI_2linesTxISR_16BIT)
    i.SPI_2linesTxISR_8BIT                   0x08002a20   Section        0  stm32l4xx_hal_spi.o(i.SPI_2linesTxISR_8BIT)
    SPI_2linesTxISR_8BIT                     0x08002a21   Thumb Code    70  stm32l4xx_hal_spi.o(i.SPI_2linesTxISR_8BIT)
    i.SPI_CloseRxTx_ISR                      0x08002a66   Section        0  stm32l4xx_hal_spi.o(i.SPI_CloseRxTx_ISR)
    SPI_CloseRxTx_ISR                        0x08002a67   Thumb Code    82  stm32l4xx_hal_spi.o(i.SPI_CloseRxTx_ISR)
    i.SPI_DMAAbortOnError                    0x08002ab8   Section        0  stm32l4xx_hal_spi.o(i.SPI_DMAAbortOnError)
    SPI_DMAAbortOnError                      0x08002ab9   Thumb Code    18  stm32l4xx_hal_spi.o(i.SPI_DMAAbortOnError)
    i.SPI_EndRxTxTransaction                 0x08002aca   Section        0  stm32l4xx_hal_spi.o(i.SPI_EndRxTxTransaction)
    SPI_EndRxTxTransaction                   0x08002acb   Thumb Code    72  stm32l4xx_hal_spi.o(i.SPI_EndRxTxTransaction)
    i.SPI_WaitFifoStateUntilTimeout          0x08002b12   Section        0  stm32l4xx_hal_spi.o(i.SPI_WaitFifoStateUntilTimeout)
    SPI_WaitFifoStateUntilTimeout            0x08002b13   Thumb Code   158  stm32l4xx_hal_spi.o(i.SPI_WaitFifoStateUntilTimeout)
    i.SPI_WaitFlagStateUntilTimeout          0x08002bb0   Section        0  stm32l4xx_hal_spi.o(i.SPI_WaitFlagStateUntilTimeout)
    SPI_WaitFlagStateUntilTimeout            0x08002bb1   Thumb Code   148  stm32l4xx_hal_spi.o(i.SPI_WaitFlagStateUntilTimeout)
    i.SVC_Handler                            0x08002c44   Section        0  stm32l4xx_it.o(i.SVC_Handler)
    i.SysTick_Handler                        0x08002c46   Section        0  stm32l4xx_it.o(i.SysTick_Handler)
    i.SystemClock_Config                     0x08002c54   Section        0  main.o(i.SystemClock_Config)
    i.SystemInit                             0x08002d04   Section        0  system_stm32l4xx.o(i.SystemInit)
    i.UART_AdvFeatureConfig                  0x08002d48   Section        0  stm32l4xx_hal_uart.o(i.UART_AdvFeatureConfig)
    i.UART_CheckIdleState                    0x08002e10   Section        0  stm32l4xx_hal_uart.o(i.UART_CheckIdleState)
    i.UART_SetConfig                         0x08002e6c   Section        0  stm32l4xx_hal_uart.o(i.UART_SetConfig)
    i.UART_WaitOnFlagUntilTimeout            0x080030bc   Section        0  stm32l4xx_hal_uart.o(i.UART_WaitOnFlagUntilTimeout)
    i.UsageFault_Handler                     0x08003120   Section        0  stm32l4xx_it.o(i.UsageFault_Handler)
    i._Error_Handler                         0x08003122   Section        0  main.o(i._Error_Handler)
    i.__0sprintf$8                           0x08003124   Section        0  printf8.o(i.__0sprintf$8)
    i.__scatterload_copy                     0x0800314c   Section       14  handlers.o(i.__scatterload_copy)
    i.__scatterload_null                     0x0800315a   Section        2  handlers.o(i.__scatterload_null)
    i.__scatterload_zeroinit                 0x0800315c   Section       14  handlers.o(i.__scatterload_zeroinit)
    i._printf_core                           0x0800316c   Section        0  printf8.o(i._printf_core)
    _printf_core                             0x0800316d   Thumb Code   996  printf8.o(i._printf_core)
    i._printf_post_padding                   0x08003582   Section        0  printf8.o(i._printf_post_padding)
    _printf_post_padding                     0x08003583   Thumb Code    36  printf8.o(i._printf_post_padding)
    i._printf_pre_padding                    0x080035a6   Section        0  printf8.o(i._printf_pre_padding)
    _printf_pre_padding                      0x080035a7   Thumb Code    46  printf8.o(i._printf_pre_padding)
    i._sputc                                 0x080035d4   Section        0  printf8.o(i._sputc)
    _sputc                                   0x080035d5   Thumb Code    10  printf8.o(i._sputc)
    i.gReadTable                             0x080035de   Section        0  main.o(i.gReadTable)
    i.gSetGPIO2SleepMode                     0x08003688   Section        0  main.o(i.gSetGPIO2SleepMode)
    i.gTable_RrWr_Error                      0x080037a0   Section        0  main.o(i.gTable_RrWr_Error)
    i.gTable_StatusFlag_Cmd_Rd_Battery       0x08003800   Section        0  main.o(i.gTable_StatusFlag_Cmd_Rd_Battery)
    i.gTable_StatusFlag_Cmd_Rd_PhySelf       0x0800381c   Section        0  main.o(i.gTable_StatusFlag_Cmd_Rd_PhySelf)
    i.gTable_StatusFlag_Cmd_Rd_RTCDate       0x08003838   Section        0  main.o(i.gTable_StatusFlag_Cmd_Rd_RTCDate)
    i.gTable_StatusFlag_Cmd_Rd_RTCTime       0x080038b4   Section        0  main.o(i.gTable_StatusFlag_Cmd_Rd_RTCTime)
    i.gTable_StatusFlag_Cmd_Rd_Tamper        0x08003930   Section        0  main.o(i.gTable_StatusFlag_Cmd_Rd_Tamper)
    i.gTable_StatusFlag_Cmd_Wr_Battery       0x0800394c   Section        0  main.o(i.gTable_StatusFlag_Cmd_Wr_Battery)
    i.gTable_StatusFlag_Cmd_Wr_PhySelf       0x08003964   Section        0  main.o(i.gTable_StatusFlag_Cmd_Wr_PhySelf)
    i.gTable_StatusFlag_Cmd_Wr_RTCDate       0x0800397c   Section        0  main.o(i.gTable_StatusFlag_Cmd_Wr_RTCDate)
    i.gTable_StatusFlag_Cmd_Wr_RTCTime       0x080039e4   Section        0  main.o(i.gTable_StatusFlag_Cmd_Wr_RTCTime)
    i.gTable_StatusFlag_Cmd_Wr_SoftRst       0x08003a5c   Section        0  main.o(i.gTable_StatusFlag_Cmd_Wr_SoftRst)
    i.gTable_StatusFlag_Cmd_Wr_Tamper        0x08003a98   Section        0  main.o(i.gTable_StatusFlag_Cmd_Wr_Tamper)
    i.gWriteTable                            0x08003ab0   Section        0  main.o(i.gWriteTable)
    i.main                                   0x08003b64   Section        0  main.o(i.main)
    .constdata                               0x08003f68   Section       64  system_stm32l4xx.o(.constdata)
    .constdata                               0x08003fa8   Section        8  system_stm32l4xx.o(.constdata)
    .data                                    0x20000000   Section        4  stm32l4xx_hal.o(.data)
    .data                                    0x20000004   Section        4  system_stm32l4xx.o(.data)
    .data                                    0x20000008   Section        4  main.o(.data)
    .bss                                     0x2000000c   Section      104  adc.o(.bss)
    .bss                                     0x20000074   Section      112  usart.o(.bss)
    .bss                                     0x200000e4   Section      100  spi.o(.bss)
    .bss                                     0x20000148   Section       36  rtc.o(.bss)
    .bss                                     0x2000016c   Section      208  main.o(.bss)
    STACK                                    0x20000240   Section     1024  startup_stm32l433xx.o(STACK)

    Global Symbols

    Symbol Name                              Value     Ov Type        Size  Object(Section)

    BuildAttributes$$THM_ISAv4$E$P$D$K$B$S$7EM$VFPi3$EXTD16$VFPS$VFMA$PE$A:L22UL41UL21$X:L11$S22US41US21$IEEE1$IW$USESV6$~STKCKD$USESV7$~SHL$OSPACE$ROPI$EBA8$MICROLIB$REQ8$PRES8$EABIv2 0x00000000   Number         0  anon$$obj.o ABSOLUTE
    __ARM_use_no_argv                        0x00000000   Number         0  main.o ABSOLUTE
    _printf_a                                0x00000000   Number         0  stubs.o ABSOLUTE
    _printf_c                                0x00000000   Number         0  stubs.o ABSOLUTE
    _printf_charcount                        0x00000000   Number         0  stubs.o ABSOLUTE
    _printf_d                                0x00000000   Number         0  stubs.o ABSOLUTE
    _printf_e                                0x00000000   Number         0  stubs.o ABSOLUTE
    _printf_f                                0x00000000   Number         0  stubs.o ABSOLUTE
    _printf_flags                            0x00000000   Number         0  stubs.o ABSOLUTE
    _printf_fp_dec                           0x00000000   Number         0  stubs.o ABSOLUTE
    _printf_fp_hex                           0x00000000   Number         0  stubs.o ABSOLUTE
    _printf_g                                0x00000000   Number         0  stubs.o ABSOLUTE
    _printf_i                                0x00000000   Number         0  stubs.o ABSOLUTE
    _printf_int_dec                          0x00000000   Number         0  stubs.o ABSOLUTE
    _printf_l                                0x00000000   Number         0  stubs.o ABSOLUTE
    _printf_lc                               0x00000000   Number         0  stubs.o ABSOLUTE
    _printf_ll                               0x00000000   Number         0  stubs.o ABSOLUTE
    _printf_lld                              0x00000000   Number         0  stubs.o ABSOLUTE
    _printf_lli                              0x00000000   Number         0  stubs.o ABSOLUTE
    _printf_llo                              0x00000000   Number         0  stubs.o ABSOLUTE
    _printf_llu                              0x00000000   Number         0  stubs.o ABSOLUTE
    _printf_llx                              0x00000000   Number         0  stubs.o ABSOLUTE
    _printf_longlong_dec                     0x00000000   Number         0  stubs.o ABSOLUTE
    _printf_longlong_hex                     0x00000000   Number         0  stubs.o ABSOLUTE
    _printf_longlong_oct                     0x00000000   Number         0  stubs.o ABSOLUTE
    _printf_ls                               0x00000000   Number         0  stubs.o ABSOLUTE
    _printf_mbtowc                           0x00000000   Number         0  stubs.o ABSOLUTE
    _printf_n                                0x00000000   Number         0  stubs.o ABSOLUTE
    _printf_o                                0x00000000   Number         0  stubs.o ABSOLUTE
    _printf_p                                0x00000000   Number         0  stubs.o ABSOLUTE
    _printf_percent                          0x00000000   Number         0  stubs.o ABSOLUTE
    _printf_pre_padding                      0x00000000   Number         0  stubs.o ABSOLUTE
    _printf_return_value                     0x00000000   Number         0  stubs.o ABSOLUTE
    _printf_s                                0x00000000   Number         0  stubs.o ABSOLUTE
    _printf_sizespec                         0x00000000   Number         0  stubs.o ABSOLUTE
    _printf_str                              0x00000000   Number         0  stubs.o ABSOLUTE
    _printf_truncate_signed                  0x00000000   Number         0  stubs.o ABSOLUTE
    _printf_truncate_unsigned                0x00000000   Number         0  stubs.o ABSOLUTE
    _printf_u                                0x00000000   Number         0  stubs.o ABSOLUTE
    _printf_wc                               0x00000000   Number         0  stubs.o ABSOLUTE
    _printf_wctomb                           0x00000000   Number         0  stubs.o ABSOLUTE
    _printf_widthprec                        0x00000000   Number         0  stubs.o ABSOLUTE
    _printf_x                                0x00000000   Number         0  stubs.o ABSOLUTE
    __cpp_initialize__aeabi_                  - Undefined Weak Reference
    __cxa_finalize                            - Undefined Weak Reference
    __decompress                              - Undefined Weak Reference
    _clock_init                               - Undefined Weak Reference
    _microlib_exit                            - Undefined Weak Reference
    __Vectors_Size                           0x0000018c   Number         0  startup_stm32l433xx.o ABSOLUTE
    __Vectors                                0x08000000   Data           4  startup_stm32l433xx.o(RESET)
    __Vectors_End                            0x0800018c   Data           0  startup_stm32l433xx.o(RESET)
    __main                                   0x0800018d   Thumb Code     0  entry.o(.ARM.Collect$$$$00000000)
    _main_stk                                0x0800018d   Thumb Code     0  entry2.o(.ARM.Collect$$$$00000001)
    _main_scatterload                        0x08000191   Thumb Code     0  entry5.o(.ARM.Collect$$$$00000004)
    __main_after_scatterload                 0x08000195   Thumb Code     0  entry5.o(.ARM.Collect$$$$00000004)
    _main_clock                              0x08000195   Thumb Code     0  entry7b.o(.ARM.Collect$$$$00000008)
    _main_cpp_init                           0x08000195   Thumb Code     0  entry8b.o(.ARM.Collect$$$$0000000A)
    _main_init                               0x08000195   Thumb Code     0  entry9a.o(.ARM.Collect$$$$0000000B)
    __rt_final_cpp                           0x0800019d   Thumb Code     0  entry10a.o(.ARM.Collect$$$$0000000D)
    __rt_final_exit                          0x0800019d   Thumb Code     0  entry11a.o(.ARM.Collect$$$$0000000F)
    Reset_Handler                            0x080001a1   Thumb Code     8  startup_stm32l433xx.o(.text)
    ADC1_IRQHandler                          0x080001bb   Thumb Code     0  startup_stm32l433xx.o(.text)
    CAN1_RX0_IRQHandler                      0x080001bb   Thumb Code     0  startup_stm32l433xx.o(.text)
    CAN1_RX1_IRQHandler                      0x080001bb   Thumb Code     0  startup_stm32l433xx.o(.text)
    CAN1_SCE_IRQHandler                      0x080001bb   Thumb Code     0  startup_stm32l433xx.o(.text)
    CAN1_TX_IRQHandler                       0x080001bb   Thumb Code     0  startup_stm32l433xx.o(.text)
    COMP_IRQHandler                          0x080001bb   Thumb Code     0  startup_stm32l433xx.o(.text)
    CRS_IRQHandler                           0x080001bb   Thumb Code     0  startup_stm32l433xx.o(.text)
    DMA1_Channel1_IRQHandler                 0x080001bb   Thumb Code     0  startup_stm32l433xx.o(.text)
    DMA1_Channel2_IRQHandler                 0x080001bb   Thumb Code     0  startup_stm32l433xx.o(.text)
    DMA1_Channel3_IRQHandler                 0x080001bb   Thumb Code     0  startup_stm32l433xx.o(.text)
    DMA1_Channel4_IRQHandler                 0x080001bb   Thumb Code     0  startup_stm32l433xx.o(.text)
    DMA1_Channel5_IRQHandler                 0x080001bb   Thumb Code     0  startup_stm32l433xx.o(.text)
    DMA1_Channel6_IRQHandler                 0x080001bb   Thumb Code     0  startup_stm32l433xx.o(.text)
    DMA1_Channel7_IRQHandler                 0x080001bb   Thumb Code     0  startup_stm32l433xx.o(.text)
    DMA2_Channel1_IRQHandler                 0x080001bb   Thumb Code     0  startup_stm32l433xx.o(.text)
    DMA2_Channel2_IRQHandler                 0x080001bb   Thumb Code     0  startup_stm32l433xx.o(.text)
    DMA2_Channel3_IRQHandler                 0x080001bb   Thumb Code     0  startup_stm32l433xx.o(.text)
    DMA2_Channel4_IRQHandler                 0x080001bb   Thumb Code     0  startup_stm32l433xx.o(.text)
    DMA2_Channel5_IRQHandler                 0x080001bb   Thumb Code     0  startup_stm32l433xx.o(.text)
    DMA2_Channel6_IRQHandler                 0x080001bb   Thumb Code     0  startup_stm32l433xx.o(.text)
    DMA2_Channel7_IRQHandler                 0x080001bb   Thumb Code     0  startup_stm32l433xx.o(.text)
    EXTI0_IRQHandler                         0x080001bb   Thumb Code     0  startup_stm32l433xx.o(.text)
    EXTI15_10_IRQHandler                     0x080001bb   Thumb Code     0  startup_stm32l433xx.o(.text)
    EXTI2_IRQHandler                         0x080001bb   Thumb Code     0  startup_stm32l433xx.o(.text)
    EXTI3_IRQHandler                         0x080001bb   Thumb Code     0  startup_stm32l433xx.o(.text)
    EXTI4_IRQHandler                         0x080001bb   Thumb Code     0  startup_stm32l433xx.o(.text)
    FLASH_IRQHandler                         0x080001bb   Thumb Code     0  startup_stm32l433xx.o(.text)
    FPU_IRQHandler                           0x080001bb   Thumb Code     0  startup_stm32l433xx.o(.text)
    I2C1_ER_IRQHandler                       0x080001bb   Thumb Code     0  startup_stm32l433xx.o(.text)
    I2C1_EV_IRQHandler                       0x080001bb   Thumb Code     0  startup_stm32l433xx.o(.text)
    I2C2_ER_IRQHandler                       0x080001bb   Thumb Code     0  startup_stm32l433xx.o(.text)
    I2C2_EV_IRQHandler                       0x080001bb   Thumb Code     0  startup_stm32l433xx.o(.text)
    I2C3_ER_IRQHandler                       0x080001bb   Thumb Code     0  startup_stm32l433xx.o(.text)
    I2C3_EV_IRQHandler                       0x080001bb   Thumb Code     0  startup_stm32l433xx.o(.text)
    LCD_IRQHandler                           0x080001bb   Thumb Code     0  startup_stm32l433xx.o(.text)
    LPTIM1_IRQHandler                        0x080001bb   Thumb Code     0  startup_stm32l433xx.o(.text)
    LPTIM2_IRQHandler                        0x080001bb   Thumb Code     0  startup_stm32l433xx.o(.text)
    LPUART1_IRQHandler                       0x080001bb   Thumb Code     0  startup_stm32l433xx.o(.text)
    PVD_PVM_IRQHandler                       0x080001bb   Thumb Code     0  startup_stm32l433xx.o(.text)
    QUADSPI_IRQHandler                       0x080001bb   Thumb Code     0  startup_stm32l433xx.o(.text)
    RCC_IRQHandler                           0x080001bb   Thumb Code     0  startup_stm32l433xx.o(.text)
    RNG_IRQHandler                           0x080001bb   Thumb Code     0  startup_stm32l433xx.o(.text)
    RTC_Alarm_IRQHandler                     0x080001bb   Thumb Code     0  startup_stm32l433xx.o(.text)
    RTC_WKUP_IRQHandler                      0x080001bb   Thumb Code     0  startup_stm32l433xx.o(.text)
    SAI1_IRQHandler                          0x080001bb   Thumb Code     0  startup_stm32l433xx.o(.text)
    SDMMC1_IRQHandler                        0x080001bb   Thumb Code     0  startup_stm32l433xx.o(.text)
    SPI2_IRQHandler                          0x080001bb   Thumb Code     0  startup_stm32l433xx.o(.text)
    SPI3_IRQHandler                          0x080001bb   Thumb Code     0  startup_stm32l433xx.o(.text)
    SWPMI1_IRQHandler                        0x080001bb   Thumb Code     0  startup_stm32l433xx.o(.text)
    TAMP_STAMP_IRQHandler                    0x080001bb   Thumb Code     0  startup_stm32l433xx.o(.text)
    TIM1_BRK_TIM15_IRQHandler                0x080001bb   Thumb Code     0  startup_stm32l433xx.o(.text)
    TIM1_CC_IRQHandler                       0x080001bb   Thumb Code     0  startup_stm32l433xx.o(.text)
    TIM1_TRG_COM_IRQHandler                  0x080001bb   Thumb Code     0  startup_stm32l433xx.o(.text)
    TIM1_UP_TIM16_IRQHandler                 0x080001bb   Thumb Code     0  startup_stm32l433xx.o(.text)
    TIM2_IRQHandler                          0x080001bb   Thumb Code     0  startup_stm32l433xx.o(.text)
    TIM6_DAC_IRQHandler                      0x080001bb   Thumb Code     0  startup_stm32l433xx.o(.text)
    TIM7_IRQHandler                          0x080001bb   Thumb Code     0  startup_stm32l433xx.o(.text)
    TSC_IRQHandler                           0x080001bb   Thumb Code     0  startup_stm32l433xx.o(.text)
    USART1_IRQHandler                        0x080001bb   Thumb Code     0  startup_stm32l433xx.o(.text)
    USART2_IRQHandler                        0x080001bb   Thumb Code     0  startup_stm32l433xx.o(.text)
    USART3_IRQHandler                        0x080001bb   Thumb Code     0  startup_stm32l433xx.o(.text)
    USB_IRQHandler                           0x080001bb   Thumb Code     0  startup_stm32l433xx.o(.text)
    WWDG_IRQHandler                          0x080001bb   Thumb Code     0  startup_stm32l433xx.o(.text)
    __aeabi_uldivmod                         0x080001c5   Thumb Code    98  uldiv.o(.text)
    strlen                                   0x0800022d   Thumb Code    14  strlen.o(.text)
    __aeabi_llsl                             0x0800023b   Thumb Code    30  llshl.o(.text)
    _ll_shift_l                              0x0800023b   Thumb Code     0  llshl.o(.text)
    __aeabi_llsr                             0x08000259   Thumb Code    32  llushr.o(.text)
    _ll_ushift_r                             0x08000259   Thumb Code     0  llushr.o(.text)
    __scatterload                            0x08000279   Thumb Code    28  init.o(.text)
    __scatterload_rt2                        0x08000279   Thumb Code     0  init.o(.text)
    ADC_ConversionStop                       0x0800029d   Thumb Code   182  stm32l4xx_hal_adc.o(i.ADC_ConversionStop)
    ADC_Disable                              0x08000359   Thumb Code    98  stm32l4xx_hal_adc.o(i.ADC_Disable)
    BusFault_Handler                         0x080003bb   Thumb Code     2  stm32l4xx_it.o(i.BusFault_Handler)
    DebugMon_Handler                         0x080003bd   Thumb Code     2  stm32l4xx_it.o(i.DebugMon_Handler)
    EXTI1_IRQHandler                         0x080003bf   Thumb Code     6  stm32l4xx_it.o(i.EXTI1_IRQHandler)
    EXTI9_5_IRQHandler                       0x080003c5   Thumb Code    44  stm32l4xx_it.o(i.EXTI9_5_IRQHandler)
    HAL_ADC_ConfigChannel                    0x0800041d   Thumb Code  1002  stm32l4xx_hal_adc.o(i.HAL_ADC_ConfigChannel)
    HAL_ADC_DeInit                           0x08000825   Thumb Code   344  stm32l4xx_hal_adc.o(i.HAL_ADC_DeInit)
    HAL_ADC_Init                             0x08000991   Thumb Code   426  stm32l4xx_hal_adc.o(i.HAL_ADC_Init)
    HAL_ADC_MspDeInit                        0x08000b4d   Thumb Code    20  adc.o(i.HAL_ADC_MspDeInit)
    HAL_ADC_MspInit                          0x08000b69   Thumb Code    30  adc.o(i.HAL_ADC_MspInit)
    HAL_DMA_Abort_IT                         0x08000b91   Thumb Code    74  stm32l4xx_hal_dma.o(i.HAL_DMA_Abort_IT)
    HAL_Delay                                0x08000bdb   Thumb Code    28  stm32l4xx_hal.o(i.HAL_Delay)
    HAL_GPIO_DeInit                          0x08000bf9   Thumb Code   258  stm32l4xx_hal_gpio.o(i.HAL_GPIO_DeInit)
    HAL_GPIO_EXTI_Callback                   0x08000d1b   Thumb Code     2  stm32l4xx_hal_gpio.o(i.HAL_GPIO_EXTI_Callback)
    HAL_GPIO_EXTI_IRQHandler                 0x08000d1d   Thumb Code    18  stm32l4xx_hal_gpio.o(i.HAL_GPIO_EXTI_IRQHandler)
    HAL_GPIO_Init                            0x08000d35   Thumb Code   364  stm32l4xx_hal_gpio.o(i.HAL_GPIO_Init)
    HAL_GPIO_WritePin                        0x08000ec3   Thumb Code    10  stm32l4xx_hal_gpio.o(i.HAL_GPIO_WritePin)
    HAL_GetTick                              0x08000ecd   Thumb Code     6  stm32l4xx_hal.o(i.HAL_GetTick)
    HAL_IncTick                              0x08000ed9   Thumb Code    10  stm32l4xx_hal.o(i.HAL_IncTick)
    HAL_Init                                 0x08000ee9   Thumb Code    22  stm32l4xx_hal.o(i.HAL_Init)
    HAL_InitTick                             0x08000f01   Thumb Code    34  stm32l4xx_hal.o(i.HAL_InitTick)
    HAL_MspInit                              0x08000f29   Thumb Code   122  stm32l4xx_hal_msp.o(i.HAL_MspInit)
    HAL_NVIC_DisableIRQ                      0x08000fa9   Thumb Code    22  stm32l4xx_hal_cortex.o(i.HAL_NVIC_DisableIRQ)
    HAL_NVIC_EnableIRQ                       0x08000fbf   Thumb Code    22  stm32l4xx_hal_cortex.o(i.HAL_NVIC_EnableIRQ)
    HAL_NVIC_SetPriority                     0x08000fd5   Thumb Code    60  stm32l4xx_hal_cortex.o(i.HAL_NVIC_SetPriority)
    HAL_NVIC_SetPriorityGrouping             0x08001015   Thumb Code    26  stm32l4xx_hal_cortex.o(i.HAL_NVIC_SetPriorityGrouping)
    HAL_PWREx_ControlVoltageScaling          0x08001039   Thumb Code    86  stm32l4xx_hal_pwr_ex.o(i.HAL_PWREx_ControlVoltageScaling)
    HAL_PWREx_EnterSTOP2Mode                 0x0800109d   Thumb Code    46  stm32l4xx_hal_pwr_ex.o(i.HAL_PWREx_EnterSTOP2Mode)
    HAL_PWREx_GetVoltageRange                0x080010d5   Thumb Code    10  stm32l4xx_hal_pwr_ex.o(i.HAL_PWREx_GetVoltageRange)
    HAL_RCCEx_EnableMSIPLLMode               0x080010e5   Thumb Code    12  stm32l4xx_hal_rcc_ex.o(i.HAL_RCCEx_EnableMSIPLLMode)
    HAL_RCCEx_PeriphCLKConfig                0x080010f5   Thumb Code   736  stm32l4xx_hal_rcc_ex.o(i.HAL_RCCEx_PeriphCLKConfig)
    HAL_RCC_ClockConfig                      0x080013e5   Thumb Code   356  stm32l4xx_hal_rcc.o(i.HAL_RCC_ClockConfig)
    HAL_RCC_GetHCLKFreq                      0x08001559   Thumb Code     6  stm32l4xx_hal_rcc.o(i.HAL_RCC_GetHCLKFreq)
    HAL_RCC_GetPCLK1Freq                     0x08001565   Thumb Code    20  stm32l4xx_hal_rcc.o(i.HAL_RCC_GetPCLK1Freq)
    HAL_RCC_GetPCLK2Freq                     0x08001585   Thumb Code    20  stm32l4xx_hal_rcc.o(i.HAL_RCC_GetPCLK2Freq)
    HAL_RCC_GetSysClockFreq                  0x080015a5   Thumb Code   182  stm32l4xx_hal_rcc.o(i.HAL_RCC_GetSysClockFreq)
    HAL_RCC_OscConfig                        0x08001669   Thumb Code  1194  stm32l4xx_hal_rcc.o(i.HAL_RCC_OscConfig)
    HAL_RTCEx_BKUPRead                       0x08001b19   Thumb Code    10  stm32l4xx_hal_rtc_ex.o(i.HAL_RTCEx_BKUPRead)
    HAL_RTCEx_BKUPWrite                      0x08001b23   Thumb Code    10  stm32l4xx_hal_rtc_ex.o(i.HAL_RTCEx_BKUPWrite)
    HAL_RTC_GetDate                          0x08001b2d   Thumb Code    62  stm32l4xx_hal_rtc.o(i.HAL_RTC_GetDate)
    HAL_RTC_GetTime                          0x08001b71   Thumb Code    82  stm32l4xx_hal_rtc.o(i.HAL_RTC_GetTime)
    HAL_RTC_Init                             0x08001bc9   Thumb Code   180  stm32l4xx_hal_rtc.o(i.HAL_RTC_Init)
    HAL_RTC_MspInit                          0x08001c81   Thumb Code    22  rtc.o(i.HAL_RTC_MspInit)
    HAL_RTC_SetDate                          0x08001ca1   Thumb Code   212  stm32l4xx_hal_rtc.o(i.HAL_RTC_SetDate)
    HAL_RTC_SetTime                          0x08001d79   Thumb Code   244  stm32l4xx_hal_rtc.o(i.HAL_RTC_SetTime)
    HAL_RTC_WaitForSynchro                   0x08001e71   Thumb Code    54  stm32l4xx_hal_rtc.o(i.HAL_RTC_WaitForSynchro)
    HAL_ResumeTick                           0x08001ea7   Thumb Code    14  stm32l4xx_hal.o(i.HAL_ResumeTick)
    HAL_SPI_DeInit                           0x08001eb5   Thumb Code    46  stm32l4xx_hal_spi.o(i.HAL_SPI_DeInit)
    HAL_SPI_ErrorCallback                    0x08001ee5   Thumb Code     8  main.o(i.HAL_SPI_ErrorCallback)
    HAL_SPI_IRQHandler                       0x08001ef1   Thumb Code   212  stm32l4xx_hal_spi.o(i.HAL_SPI_IRQHandler)
    HAL_SPI_Init                             0x08001fc9   Thumb Code   172  stm32l4xx_hal_spi.o(i.HAL_SPI_Init)
    HAL_SPI_MspDeInit                        0x08002075   Thumb Code    42  spi.o(i.HAL_SPI_MspDeInit)
    HAL_SPI_MspInit                          0x080020a9   Thumb Code    78  spi.o(i.HAL_SPI_MspInit)
    HAL_SPI_RxCpltCallback                   0x08002101   Thumb Code     2  stm32l4xx_hal_spi.o(i.HAL_SPI_RxCpltCallback)
    HAL_SPI_TransmitReceive_IT               0x08002105   Thumb Code   184  stm32l4xx_hal_spi.o(i.HAL_SPI_TransmitReceive_IT)
    HAL_SPI_TxRxCpltCallback                 0x080021cd   Thumb Code     8  main.o(i.HAL_SPI_TxRxCpltCallback)
    HAL_SYSTICK_CLKSourceConfig              0x080021d9   Thumb Code    24  stm32l4xx_hal_cortex.o(i.HAL_SYSTICK_CLKSourceConfig)
    HAL_SYSTICK_Callback                     0x080021f1   Thumb Code     2  stm32l4xx_hal_cortex.o(i.HAL_SYSTICK_Callback)
    HAL_SYSTICK_Config                       0x080021f3   Thumb Code    40  stm32l4xx_hal_cortex.o(i.HAL_SYSTICK_Config)
    HAL_SYSTICK_IRQHandler                   0x0800221b   Thumb Code     8  stm32l4xx_hal_cortex.o(i.HAL_SYSTICK_IRQHandler)
    HAL_SuspendTick                          0x08002223   Thumb Code    14  stm32l4xx_hal.o(i.HAL_SuspendTick)
    HAL_UART_DeInit                          0x08002231   Thumb Code    64  stm32l4xx_hal_uart.o(i.HAL_UART_DeInit)
    HAL_UART_Init                            0x08002271   Thumb Code   106  stm32l4xx_hal_uart.o(i.HAL_UART_Init)
    HAL_UART_MspDeInit                       0x080022dd   Thumb Code    32  usart.o(i.HAL_UART_MspDeInit)
    HAL_UART_MspInit                         0x08002305   Thumb Code    66  usart.o(i.HAL_UART_MspInit)
    HAL_UART_Transmit                        0x08002351   Thumb Code   180  stm32l4xx_hal_uart.o(i.HAL_UART_Transmit)
    HardFault_Handler                        0x08002405   Thumb Code     2  stm32l4xx_it.o(i.HardFault_Handler)
    MX_ADC1_Init                             0x08002409   Thumb Code    98  adc.o(i.MX_ADC1_Init)
    MX_GPIO_Init                             0x08002485   Thumb Code   286  gpio.o(i.MX_GPIO_Init)
    MX_RTC_Init                              0x080025b9   Thumb Code   148  rtc.o(i.MX_RTC_Init)
    MX_SPI1_Init                             0x08002665   Thumb Code    68  spi.o(i.MX_SPI1_Init)
    MX_USART1_UART_Init                      0x080026c1   Thumb Code    60  usart.o(i.MX_USART1_UART_Init)
    MemManage_Handler                        0x08002715   Thumb Code     2  stm32l4xx_it.o(i.MemManage_Handler)
    NMI_Handler                              0x08002717   Thumb Code     2  stm32l4xx_it.o(i.NMI_Handler)
    PendSV_Handler                           0x08002739   Thumb Code     2  stm32l4xx_it.o(i.PendSV_Handler)
    RTC_Bcd2ToByte                           0x080028e5   Thumb Code    18  stm32l4xx_hal_rtc.o(i.RTC_Bcd2ToByte)
    RTC_ByteToBcd2                           0x080028f7   Thumb Code    22  stm32l4xx_hal_rtc.o(i.RTC_ByteToBcd2)
    RTC_EnterInitMode                        0x0800290d   Thumb Code    58  stm32l4xx_hal_rtc.o(i.RTC_EnterInitMode)
    SPI1_IRQHandler                          0x08002949   Thumb Code     6  stm32l4xx_it.o(i.SPI1_IRQHandler)
    SVC_Handler                              0x08002c45   Thumb Code     2  stm32l4xx_it.o(i.SVC_Handler)
    SysTick_Handler                          0x08002c47   Thumb Code    14  stm32l4xx_it.o(i.SysTick_Handler)
    SystemClock_Config                       0x08002c55   Thumb Code   168  main.o(i.SystemClock_Config)
    SystemInit                               0x08002d05   Thumb Code    56  system_stm32l4xx.o(i.SystemInit)
    UART_AdvFeatureConfig                    0x08002d49   Thumb Code   200  stm32l4xx_hal_uart.o(i.UART_AdvFeatureConfig)
    UART_CheckIdleState                      0x08002e11   Thumb Code    92  stm32l4xx_hal_uart.o(i.UART_CheckIdleState)
    UART_SetConfig                           0x08002e6d   Thumb Code   550  stm32l4xx_hal_uart.o(i.UART_SetConfig)
    UART_WaitOnFlagUntilTimeout              0x080030bd   Thumb Code   100  stm32l4xx_hal_uart.o(i.UART_WaitOnFlagUntilTimeout)
    UsageFault_Handler                       0x08003121   Thumb Code     2  stm32l4xx_it.o(i.UsageFault_Handler)
    _Error_Handler                           0x08003123   Thumb Code     2  main.o(i._Error_Handler)
    __0sprintf$8                             0x08003125   Thumb Code    34  printf8.o(i.__0sprintf$8)
    __1sprintf$8                             0x08003125   Thumb Code     0  printf8.o(i.__0sprintf$8)
    __2sprintf                               0x08003125   Thumb Code     0  printf8.o(i.__0sprintf$8)
    __scatterload_copy                       0x0800314d   Thumb Code    14  handlers.o(i.__scatterload_copy)
    __scatterload_null                       0x0800315b   Thumb Code     2  handlers.o(i.__scatterload_null)
    __scatterload_zeroinit                   0x0800315d   Thumb Code    14  handlers.o(i.__scatterload_zeroinit)
    gReadTable                               0x080035df   Thumb Code   170  main.o(i.gReadTable)
    gSetGPIO2SleepMode                       0x08003689   Thumb Code   244  main.o(i.gSetGPIO2SleepMode)
    gTable_RrWr_Error                        0x080037a1   Thumb Code    42  main.o(i.gTable_RrWr_Error)
    gTable_StatusFlag_Cmd_Rd_Battery         0x08003801   Thumb Code    22  main.o(i.gTable_StatusFlag_Cmd_Rd_Battery)
    gTable_StatusFlag_Cmd_Rd_PhySelf         0x0800381d   Thumb Code    22  main.o(i.gTable_StatusFlag_Cmd_Rd_PhySelf)
    gTable_StatusFlag_Cmd_Rd_RTCDate         0x08003839   Thumb Code    84  main.o(i.gTable_StatusFlag_Cmd_Rd_RTCDate)
    gTable_StatusFlag_Cmd_Rd_RTCTime         0x080038b5   Thumb Code    84  main.o(i.gTable_StatusFlag_Cmd_Rd_RTCTime)
    gTable_StatusFlag_Cmd_Rd_Tamper          0x08003931   Thumb Code    22  main.o(i.gTable_StatusFlag_Cmd_Rd_Tamper)
    gTable_StatusFlag_Cmd_Wr_Battery         0x0800394d   Thumb Code    18  main.o(i.gTable_StatusFlag_Cmd_Wr_Battery)
    gTable_StatusFlag_Cmd_Wr_PhySelf         0x08003965   Thumb Code    18  main.o(i.gTable_StatusFlag_Cmd_Wr_PhySelf)
    gTable_StatusFlag_Cmd_Wr_RTCDate         0x0800397d   Thumb Code    64  main.o(i.gTable_StatusFlag_Cmd_Wr_RTCDate)
    gTable_StatusFlag_Cmd_Wr_RTCTime         0x080039e5   Thumb Code    74  main.o(i.gTable_StatusFlag_Cmd_Wr_RTCTime)
    gTable_StatusFlag_Cmd_Wr_SoftRst         0x08003a5d   Thumb Code    50  main.o(i.gTable_StatusFlag_Cmd_Wr_SoftRst)
    gTable_StatusFlag_Cmd_Wr_Tamper          0x08003a99   Thumb Code    18  main.o(i.gTable_StatusFlag_Cmd_Wr_Tamper)
    gWriteTable                              0x08003ab1   Thumb Code   180  main.o(i.gWriteTable)
    main                                     0x08003b65   Thumb Code   774  main.o(i.main)
    AHBPrescTable                            0x08003f68   Data          16  system_stm32l4xx.o(.constdata)
    MSIRangeTable                            0x08003f78   Data          48  system_stm32l4xx.o(.constdata)
    APBPrescTable                            0x08003fa8   Data           8  system_stm32l4xx.o(.constdata)
    Region$$Table$$Base                      0x08003fb0   Number         0  anon$$obj.o(Region$$Table)
    Region$$Table$$Limit                     0x08003fd0   Number         0  anon$$obj.o(Region$$Table)
    uwTick                                   0x20000000   Data           4  stm32l4xx_hal.o(.data)
    SystemCoreClock                          0x20000004   Data           4  system_stm32l4xx.o(.data)
    gWaktupByTamper                          0x20000008   Data           1  main.o(.data)
    fsm                                      0x20000009   Data           1  main.o(.data)
    gTxState                                 0x2000000a   Data           1  main.o(.data)
    gConfigFlag                              0x2000000b   Data           1  main.o(.data)
    hadc1                                    0x2000000c   Data         104  adc.o(.bss)
    huart1                                   0x20000074   Data         112  usart.o(.bss)
    hspi1                                    0x200000e4   Data         100  spi.o(.bss)
    hrtc                                     0x20000148   Data          36  rtc.o(.bss)
    gFmtBuffer                               0x2000016c   Data         128  main.o(.bss)
    gTableStatusFlag                         0x200001ec   Data          80  main.o(.bss)
    __initial_sp                             0x20000640   Data           0  startup_stm32l433xx.o(STACK)



==============================================================================

Memory Map of the image

  Image Entry point : 0x0800018d

  Load Region LR_IROM1 (Base: 0x08000000, Size: 0x00003fdc, Max: 0x00040000, ABSOLUTE)

    Execution Region ER_IROM1 (Exec base: 0x08000000, Load base: 0x08000000, Size: 0x00003fd0, Max: 0x00040000, ABSOLUTE)

    Exec Addr    Load Addr    Size         Type   Attr      Idx    E Section Name        Object

    0x08000000   0x08000000   0x0000018c   Data   RO         4832    RESET               startup_stm32l433xx.o
    0x0800018c   0x0800018c   0x00000000   Code   RO         4837  * .ARM.Collect$$$$00000000  mc_w.l(entry.o)
    0x0800018c   0x0800018c   0x00000004   Code   RO         5105    .ARM.Collect$$$$00000001  mc_w.l(entry2.o)
    0x08000190   0x08000190   0x00000004   Code   RO         5108    .ARM.Collect$$$$00000004  mc_w.l(entry5.o)
    0x08000194   0x08000194   0x00000000   Code   RO         5110    .ARM.Collect$$$$00000008  mc_w.l(entry7b.o)
    0x08000194   0x08000194   0x00000000   Code   RO         5112    .ARM.Collect$$$$0000000A  mc_w.l(entry8b.o)
    0x08000194   0x08000194   0x00000008   Code   RO         5113    .ARM.Collect$$$$0000000B  mc_w.l(entry9a.o)
    0x0800019c   0x0800019c   0x00000000   Code   RO         5115    .ARM.Collect$$$$0000000D  mc_w.l(entry10a.o)
    0x0800019c   0x0800019c   0x00000000   Code   RO         5117    .ARM.Collect$$$$0000000F  mc_w.l(entry11a.o)
    0x0800019c   0x0800019c   0x00000004   Code   RO         5106    .ARM.Collect$$$$00002712  mc_w.l(entry2.o)
    0x080001a0   0x080001a0   0x00000024   Code   RO         4833    .text               startup_stm32l433xx.o
    0x080001c4   0x080001c4   0x00000068   Code   RO         4840    .text               mc_w.l(uldiv.o)
    0x0800022c   0x0800022c   0x0000000e   Code   RO         4842    .text               mc_w.l(strlen.o)
    0x0800023a   0x0800023a   0x0000001e   Code   RO         5124    .text               mc_w.l(llshl.o)
    0x08000258   0x08000258   0x00000020   Code   RO         5126    .text               mc_w.l(llushr.o)
    0x08000278   0x08000278   0x00000024   Code   RO         5139    .text               mc_w.l(init.o)
    0x0800029c   0x0800029c   0x000000bc   Code   RO         2237    i.ADC_ConversionStop  stm32l4xx_hal_adc.o
    0x08000358   0x08000358   0x00000062   Code   RO         2241    i.ADC_Disable       stm32l4xx_hal_adc.o
    0x080003ba   0x080003ba   0x00000002   Code   RO         4735    i.BusFault_Handler  stm32l4xx_it.o
    0x080003bc   0x080003bc   0x00000002   Code   RO         4736    i.DebugMon_Handler  stm32l4xx_it.o
    0x080003be   0x080003be   0x00000006   Code   RO         4737    i.EXTI1_IRQHandler  stm32l4xx_it.o
    0x080003c4   0x080003c4   0x00000058   Code   RO         4738    i.EXTI9_5_IRQHandler  stm32l4xx_it.o
    0x0800041c   0x0800041c   0x00000406   Code   RO         2244    i.HAL_ADC_ConfigChannel  stm32l4xx_hal_adc.o
    0x08000822   0x08000822   0x00000002   PAD
    0x08000824   0x08000824   0x0000016c   Code   RO         2247    i.HAL_ADC_DeInit    stm32l4xx_hal_adc.o
    0x08000990   0x08000990   0x000001bc   Code   RO         2253    i.HAL_ADC_Init      stm32l4xx_hal_adc.o
    0x08000b4c   0x08000b4c   0x0000001c   Code   RO         4305    i.HAL_ADC_MspDeInit  adc.o
    0x08000b68   0x08000b68   0x00000028   Code   RO         4306    i.HAL_ADC_MspInit   adc.o
    0x08000b90   0x08000b90   0x0000004a   Code   RO         3815    i.HAL_DMA_Abort_IT  stm32l4xx_hal_dma.o
    0x08000bda   0x08000bda   0x0000001c   Code   RO           11    i.HAL_Delay         stm32l4xx_hal.o
    0x08000bf6   0x08000bf6   0x00000002   PAD
    0x08000bf8   0x08000bf8   0x00000122   Code   RO         1244    i.HAL_GPIO_DeInit   stm32l4xx_hal_gpio.o
    0x08000d1a   0x08000d1a   0x00000002   Code   RO         1245    i.HAL_GPIO_EXTI_Callback  stm32l4xx_hal_gpio.o
    0x08000d1c   0x08000d1c   0x00000018   Code   RO         1246    i.HAL_GPIO_EXTI_IRQHandler  stm32l4xx_hal_gpio.o
    0x08000d34   0x08000d34   0x0000018e   Code   RO         1247    i.HAL_GPIO_Init     stm32l4xx_hal_gpio.o
    0x08000ec2   0x08000ec2   0x0000000a   Code   RO         1251    i.HAL_GPIO_WritePin  stm32l4xx_hal_gpio.o
    0x08000ecc   0x08000ecc   0x0000000c   Code   RO           15    i.HAL_GetTick       stm32l4xx_hal.o
    0x08000ed8   0x08000ed8   0x00000010   Code   RO           19    i.HAL_IncTick       stm32l4xx_hal.o
    0x08000ee8   0x08000ee8   0x00000016   Code   RO           20    i.HAL_Init          stm32l4xx_hal.o
    0x08000efe   0x08000efe   0x00000002   PAD
    0x08000f00   0x08000f00   0x00000028   Code   RO           21    i.HAL_InitTick      stm32l4xx_hal.o
    0x08000f28   0x08000f28   0x00000080   Code   RO         4392    i.HAL_MspInit       stm32l4xx_hal_msp.o
    0x08000fa8   0x08000fa8   0x00000016   Code   RO         3365    i.HAL_NVIC_DisableIRQ  stm32l4xx_hal_cortex.o
    0x08000fbe   0x08000fbe   0x00000016   Code   RO         3366    i.HAL_NVIC_EnableIRQ  stm32l4xx_hal_cortex.o
    0x08000fd4   0x08000fd4   0x00000040   Code   RO         3372    i.HAL_NVIC_SetPriority  stm32l4xx_hal_cortex.o
    0x08001014   0x08001014   0x00000024   Code   RO         3373    i.HAL_NVIC_SetPriorityGrouping  stm32l4xx_hal_cortex.o
    0x08001038   0x08001038   0x00000064   Code   RO         1952    i.HAL_PWREx_ControlVoltageScaling  stm32l4xx_hal_pwr_ex.o
    0x0800109c   0x0800109c   0x00000038   Code   RO         1978    i.HAL_PWREx_EnterSTOP2Mode  stm32l4xx_hal_pwr_ex.o
    0x080010d4   0x080010d4   0x00000010   Code   RO         1979    i.HAL_PWREx_GetVoltageRange  stm32l4xx_hal_pwr_ex.o
    0x080010e4   0x080010e4   0x00000010   Code   RO         3175    i.HAL_RCCEx_EnableMSIPLLMode  stm32l4xx_hal_rcc_ex.o
    0x080010f4   0x080010f4   0x000002ee   Code   RO         3181    i.HAL_RCCEx_PeriphCLKConfig  stm32l4xx_hal_rcc_ex.o
    0x080013e2   0x080013e2   0x00000002   PAD
    0x080013e4   0x080013e4   0x00000174   Code   RO         3059    i.HAL_RCC_ClockConfig  stm32l4xx_hal_rcc.o
    0x08001558   0x08001558   0x0000000c   Code   RO         3063    i.HAL_RCC_GetHCLKFreq  stm32l4xx_hal_rcc.o
    0x08001564   0x08001564   0x00000020   Code   RO         3065    i.HAL_RCC_GetPCLK1Freq  stm32l4xx_hal_rcc.o
    0x08001584   0x08001584   0x00000020   Code   RO         3066    i.HAL_RCC_GetPCLK2Freq  stm32l4xx_hal_rcc.o
    0x080015a4   0x080015a4   0x000000c4   Code   RO         3067    i.HAL_RCC_GetSysClockFreq  stm32l4xx_hal_rcc.o
    0x08001668   0x08001668   0x000004b0   Code   RO         3070    i.HAL_RCC_OscConfig  stm32l4xx_hal_rcc.o
    0x08001b18   0x08001b18   0x0000000a   Code   RO         2424    i.HAL_RTCEx_BKUPRead  stm32l4xx_hal_rtc_ex.o
    0x08001b22   0x08001b22   0x0000000a   Code   RO         2425    i.HAL_RTCEx_BKUPWrite  stm32l4xx_hal_rtc_ex.o
    0x08001b2c   0x08001b2c   0x00000044   Code   RO         4021    i.HAL_RTC_GetDate   stm32l4xx_hal_rtc.o
    0x08001b70   0x08001b70   0x00000058   Code   RO         4023    i.HAL_RTC_GetTime   stm32l4xx_hal_rtc.o
    0x08001bc8   0x08001bc8   0x000000b8   Code   RO         4024    i.HAL_RTC_Init      stm32l4xx_hal_rtc.o
    0x08001c80   0x08001c80   0x00000020   Code   RO         4459    i.HAL_RTC_MspInit   rtc.o
    0x08001ca0   0x08001ca0   0x000000d8   Code   RO         4030    i.HAL_RTC_SetDate   stm32l4xx_hal_rtc.o
    0x08001d78   0x08001d78   0x000000f8   Code   RO         4031    i.HAL_RTC_SetTime   stm32l4xx_hal_rtc.o
    0x08001e70   0x08001e70   0x00000036   Code   RO         4032    i.HAL_RTC_WaitForSynchro  stm32l4xx_hal_rtc.o
    0x08001ea6   0x08001ea6   0x0000000e   Code   RO           24    i.HAL_ResumeTick    stm32l4xx_hal.o
    0x08001eb4   0x08001eb4   0x0000002e   Code   RO         3492    i.HAL_SPI_DeInit    stm32l4xx_hal_spi.o
    0x08001ee2   0x08001ee2   0x00000002   PAD
    0x08001ee4   0x08001ee4   0x0000000c   Code   RO         4524    i.HAL_SPI_ErrorCallback  main.o
    0x08001ef0   0x08001ef0   0x000000d8   Code   RO         3496    i.HAL_SPI_IRQHandler  stm32l4xx_hal_spi.o
    0x08001fc8   0x08001fc8   0x000000ac   Code   RO         3497    i.HAL_SPI_Init      stm32l4xx_hal_spi.o
    0x08002074   0x08002074   0x00000034   Code   RO         4416    i.HAL_SPI_MspDeInit  spi.o
    0x080020a8   0x080020a8   0x00000058   Code   RO         4417    i.HAL_SPI_MspInit   spi.o
    0x08002100   0x08002100   0x00000002   Code   RO         3503    i.HAL_SPI_RxCpltCallback  stm32l4xx_hal_spi.o
    0x08002102   0x08002102   0x00000002   PAD
    0x08002104   0x08002104   0x000000c8   Code   RO         3508    i.HAL_SPI_TransmitReceive_IT  stm32l4xx_hal_spi.o
    0x080021cc   0x080021cc   0x0000000c   Code   RO         4525    i.HAL_SPI_TxRxCpltCallback  main.o
    0x080021d8   0x080021d8   0x00000018   Code   RO         3375    i.HAL_SYSTICK_CLKSourceConfig  stm32l4xx_hal_cortex.o
    0x080021f0   0x080021f0   0x00000002   Code   RO         3376    i.HAL_SYSTICK_Callback  stm32l4xx_hal_cortex.o
    0x080021f2   0x080021f2   0x00000028   Code   RO         3377    i.HAL_SYSTICK_Config  stm32l4xx_hal_cortex.o
    0x0800221a   0x0800221a   0x00000008   Code   RO         3378    i.HAL_SYSTICK_IRQHandler  stm32l4xx_hal_cortex.o
    0x08002222   0x08002222   0x0000000e   Code   RO           35    i.HAL_SuspendTick   stm32l4xx_hal.o
    0x08002230   0x08002230   0x00000040   Code   RO         2738    i.HAL_UART_DeInit   stm32l4xx_hal_uart.o
    0x08002270   0x08002270   0x0000006a   Code   RO         2743    i.HAL_UART_Init     stm32l4xx_hal_uart.o
    0x080022da   0x080022da   0x00000002   PAD
    0x080022dc   0x080022dc   0x00000028   Code   RO         4347    i.HAL_UART_MspDeInit  usart.o
    0x08002304   0x08002304   0x0000004c   Code   RO         4348    i.HAL_UART_MspInit  usart.o
    0x08002350   0x08002350   0x000000b4   Code   RO         2751    i.HAL_UART_Transmit  stm32l4xx_hal_uart.o
    0x08002404   0x08002404   0x00000002   Code   RO         4739    i.HardFault_Handler  stm32l4xx_it.o
    0x08002406   0x08002406   0x00000002   PAD
    0x08002408   0x08002408   0x0000007c   Code   RO         4307    i.MX_ADC1_Init      adc.o
    0x08002484   0x08002484   0x00000134   Code   RO         4500    i.MX_GPIO_Init      gpio.o
    0x080025b8   0x080025b8   0x000000ac   Code   RO         4460    i.MX_RTC_Init       rtc.o
    0x08002664   0x08002664   0x0000005c   Code   RO         4418    i.MX_SPI1_Init      spi.o
    0x080026c0   0x080026c0   0x00000054   Code   RO         4349    i.MX_USART1_UART_Init  usart.o
    0x08002714   0x08002714   0x00000002   Code   RO         4740    i.MemManage_Handler  stm32l4xx_it.o
    0x08002716   0x08002716   0x00000002   Code   RO         4741    i.NMI_Handler       stm32l4xx_it.o
    0x08002718   0x08002718   0x00000020   Code   RO         3379    i.NVIC_SetPriority  stm32l4xx_hal_cortex.o
    0x08002738   0x08002738   0x00000002   Code   RO         4742    i.PendSV_Handler    stm32l4xx_it.o
    0x0800273a   0x0800273a   0x00000002   PAD
    0x0800273c   0x0800273c   0x0000012c   Code   RO         3184    i.RCCEx_PLLSAI1_Config  stm32l4xx_hal_rcc_ex.o
    0x08002868   0x08002868   0x0000007c   Code   RO         3071    i.RCC_SetFlashLatencyFromMSIRange  stm32l4xx_hal_rcc.o
    0x080028e4   0x080028e4   0x00000012   Code   RO         4033    i.RTC_Bcd2ToByte    stm32l4xx_hal_rtc.o
    0x080028f6   0x080028f6   0x00000016   Code   RO         4034    i.RTC_ByteToBcd2    stm32l4xx_hal_rtc.o
    0x0800290c   0x0800290c   0x0000003a   Code   RO         4035    i.RTC_EnterInitMode  stm32l4xx_hal_rtc.o
    0x08002946   0x08002946   0x00000002   PAD
    0x08002948   0x08002948   0x0000000c   Code   RO         4743    i.SPI1_IRQHandler   stm32l4xx_it.o
    0x08002954   0x08002954   0x00000036   Code   RO         3515    i.SPI_2linesRxISR_16BIT  stm32l4xx_hal_spi.o
    0x0800298a   0x0800298a   0x00000064   Code   RO         3516    i.SPI_2linesRxISR_8BIT  stm32l4xx_hal_spi.o
    0x080029ee   0x080029ee   0x00000032   Code   RO         3517    i.SPI_2linesTxISR_16BIT  stm32l4xx_hal_spi.o
    0x08002a20   0x08002a20   0x00000046   Code   RO         3518    i.SPI_2linesTxISR_8BIT  stm32l4xx_hal_spi.o
    0x08002a66   0x08002a66   0x00000052   Code   RO         3521    i.SPI_CloseRxTx_ISR  stm32l4xx_hal_spi.o
    0x08002ab8   0x08002ab8   0x00000012   Code   RO         3524    i.SPI_DMAAbortOnError  stm32l4xx_hal_spi.o
    0x08002aca   0x08002aca   0x00000048   Code   RO         3535    i.SPI_EndRxTxTransaction  stm32l4xx_hal_spi.o
    0x08002b12   0x08002b12   0x0000009e   Code   RO         3540    i.SPI_WaitFifoStateUntilTimeout  stm32l4xx_hal_spi.o
    0x08002bb0   0x08002bb0   0x00000094   Code   RO         3541    i.SPI_WaitFlagStateUntilTimeout  stm32l4xx_hal_spi.o
    0x08002c44   0x08002c44   0x00000002   Code   RO         4744    i.SVC_Handler       stm32l4xx_it.o
    0x08002c46   0x08002c46   0x0000000e   Code   RO         4745    i.SysTick_Handler   stm32l4xx_it.o
    0x08002c54   0x08002c54   0x000000b0   Code   RO         4526    i.SystemClock_Config  main.o
    0x08002d04   0x08002d04   0x00000044   Code   RO         4268    i.SystemInit        system_stm32l4xx.o
    0x08002d48   0x08002d48   0x000000c8   Code   RO         2756    i.UART_AdvFeatureConfig  stm32l4xx_hal_uart.o
    0x08002e10   0x08002e10   0x0000005c   Code   RO         2757    i.UART_CheckIdleState  stm32l4xx_hal_uart.o
    0x08002e6c   0x08002e6c   0x00000250   Code   RO         2771    i.UART_SetConfig    stm32l4xx_hal_uart.o
    0x080030bc   0x080030bc   0x00000064   Code   RO         2772    i.UART_WaitOnFlagUntilTimeout  stm32l4xx_hal_uart.o
    0x08003120   0x08003120   0x00000002   Code   RO         4746    i.UsageFault_Handler  stm32l4xx_it.o
    0x08003122   0x08003122   0x00000002   Code   RO         4527    i._Error_Handler    main.o
    0x08003124   0x08003124   0x00000028   Code   RO         5053    i.__0sprintf$8      mc_w.l(printf8.o)
    0x0800314c   0x0800314c   0x0000000e   Code   RO         5149    i.__scatterload_copy  mc_w.l(handlers.o)
    0x0800315a   0x0800315a   0x00000002   Code   RO         5150    i.__scatterload_null  mc_w.l(handlers.o)
    0x0800315c   0x0800315c   0x0000000e   Code   RO         5151    i.__scatterload_zeroinit  mc_w.l(handlers.o)
    0x0800316a   0x0800316a   0x00000002   PAD
    0x0800316c   0x0800316c   0x00000416   Code   RO         5058    i._printf_core      mc_w.l(printf8.o)
    0x08003582   0x08003582   0x00000024   Code   RO         5059    i._printf_post_padding  mc_w.l(printf8.o)
    0x080035a6   0x080035a6   0x0000002e   Code   RO         5060    i._printf_pre_padding  mc_w.l(printf8.o)
    0x080035d4   0x080035d4   0x0000000a   Code   RO         5062    i._sputc            mc_w.l(printf8.o)
    0x080035de   0x080035de   0x000000aa   Code   RO         4528    i.gReadTable        main.o
    0x08003688   0x08003688   0x00000118   Code   RO         4529    i.gSetGPIO2SleepMode  main.o
    0x080037a0   0x080037a0   0x00000060   Code   RO         4530    i.gTable_RrWr_Error  main.o
    0x08003800   0x08003800   0x0000001c   Code   RO         4531    i.gTable_StatusFlag_Cmd_Rd_Battery  main.o
    0x0800381c   0x0800381c   0x0000001c   Code   RO         4532    i.gTable_StatusFlag_Cmd_Rd_PhySelf  main.o
    0x08003838   0x08003838   0x0000007c   Code   RO         4533    i.gTable_StatusFlag_Cmd_Rd_RTCDate  main.o
    0x080038b4   0x080038b4   0x0000007c   Code   RO         4534    i.gTable_StatusFlag_Cmd_Rd_RTCTime  main.o
    0x08003930   0x08003930   0x0000001c   Code   RO         4535    i.gTable_StatusFlag_Cmd_Rd_Tamper  main.o
    0x0800394c   0x0800394c   0x00000018   Code   RO         4536    i.gTable_StatusFlag_Cmd_Wr_Battery  main.o
    0x08003964   0x08003964   0x00000018   Code   RO         4537    i.gTable_StatusFlag_Cmd_Wr_PhySelf  main.o
    0x0800397c   0x0800397c   0x00000068   Code   RO         4538    i.gTable_StatusFlag_Cmd_Wr_RTCDate  main.o
    0x080039e4   0x080039e4   0x00000078   Code   RO         4539    i.gTable_StatusFlag_Cmd_Wr_RTCTime  main.o
    0x08003a5c   0x08003a5c   0x0000003c   Code   RO         4540    i.gTable_StatusFlag_Cmd_Wr_SoftRst  main.o
    0x08003a98   0x08003a98   0x00000018   Code   RO         4541    i.gTable_StatusFlag_Cmd_Wr_Tamper  main.o
    0x08003ab0   0x08003ab0   0x000000b4   Code   RO         4542    i.gWriteTable       main.o
    0x08003b64   0x08003b64   0x00000404   Code   RO         4543    i.main              main.o
    0x08003f68   0x08003f68   0x00000040   Data   RO         4269    .constdata          system_stm32l4xx.o
    0x08003fa8   0x08003fa8   0x00000008   Data   RO         4270    .constdata          system_stm32l4xx.o
    0x08003fb0   0x08003fb0   0x00000020   Data   RO         5147    Region$$Table       anon$$obj.o


    Execution Region RW_IRAM1 (Exec base: 0x20000000, Load base: 0x08003fd0, Size: 0x00000640, Max: 0x00010000, ABSOLUTE)

    Exec Addr    Load Addr    Size         Type   Attr      Idx    E Section Name        Object

    0x20000000   0x08003fd0   0x00000004   Data   RW           36    .data               stm32l4xx_hal.o
    0x20000004   0x08003fd4   0x00000004   Data   RW         4271    .data               system_stm32l4xx.o
    0x20000008   0x08003fd8   0x00000004   Data   RW         4545    .data               main.o
    0x2000000c        -       0x00000068   Zero   RW         4308    .bss                adc.o
    0x20000074        -       0x00000070   Zero   RW         4350    .bss                usart.o
    0x200000e4        -       0x00000064   Zero   RW         4419    .bss                spi.o
    0x20000148        -       0x00000024   Zero   RW         4461    .bss                rtc.o
    0x2000016c        -       0x000000d0   Zero   RW         4544    .bss                main.o
    0x2000023c   0x08003fdc   0x00000004   PAD
    0x20000240        -       0x00000400   Zero   RW         4830    STACK               startup_stm32l433xx.o


==============================================================================

Image component sizes


      Code (inc. data)   RO Data    RW Data    ZI Data      Debug   Object Name

       192         44          0          0        104       1957   adc.o
       308         22          0          0          0        995   gpio.o
      2644        572          0          4        208      47741   main.o
       204         34          0          0         36       1467   rtc.o
       232         44          0          0        100       2093   spi.o
        36          8        396          0       1024        784   startup_stm32l433xx.o
       146         18          0          4          0     737290   stm32l4xx_hal.o
      2124         66          0          0          0       6287   stm32l4xx_hal_adc.o
       250         14          0          0          0      32635   stm32l4xx_hal_cortex.o
        74          0          0          0          0       1043   stm32l4xx_hal_dma.o
       724         60          0          0          0       4406   stm32l4xx_hal_gpio.o
       128          6          0          0          0        870   stm32l4xx_hal_msp.o
       172         30          0          0          0       1925   stm32l4xx_hal_pwr_ex.o
      1968         94          0          0          0       7176   stm32l4xx_hal_rcc.o
      1066         34          0          0          0       3489   stm32l4xx_hal_rcc_ex.o
       956         24          0          0          0       7332   stm32l4xx_hal_rtc.o
        20          0          0          0          0       2159   stm32l4xx_hal_rtc_ex.o
      1388         20          0          0          0      10747   stm32l4xx_hal_spi.o
      1334         62          0          0          0       6835   stm32l4xx_hal_uart.o
       136         50          0          0          0       5328   stm32l4xx_it.o
        68         12         72          4          0       1157   system_stm32l4xx.o
       200         42          0          0        112       2075   usart.o

    ----------------------------------------------------------------------
     14390       1256        500         12       1588     885791   Object Totals
         0          0         32          0          0          0   (incl. Generated)
        20          0          0          0          4          0   (incl. Padding)

    ----------------------------------------------------------------------

      Code (inc. data)   RO Data    RW Data    ZI Data      Debug   Library Member Name

         0          0          0          0          0          0   entry.o
         0          0          0          0          0          0   entry10a.o
         0          0          0          0          0          0   entry11a.o
         8          4          0          0          0          0   entry2.o
         4          0          0          0          0          0   entry5.o
         0          0          0          0          0          0   entry7b.o
         0          0          0          0          0          0   entry8b.o
         8          4          0          0          0          0   entry9a.o
        30          0          0          0          0          0   handlers.o
        36          8          0          0          0         68   init.o
        30          0          0          0          0         68   llshl.o
        32          0          0          0          0         68   llushr.o
      1178         50          0          0          0        420   printf8.o
        14          0          0          0          0         68   strlen.o
       104          0          0          0          0         92   uldiv.o

    ----------------------------------------------------------------------
      1446         66          0          0          0        784   Library Totals
         2          0          0          0          0          0   (incl. Padding)

    ----------------------------------------------------------------------

      Code (inc. data)   RO Data    RW Data    ZI Data      Debug   Library Name

      1444         66          0          0          0        784   mc_w.l

    ----------------------------------------------------------------------
      1446         66          0          0          0        784   Library Totals

    ----------------------------------------------------------------------

==============================================================================


      Code (inc. data)   RO Data    RW Data    ZI Data      Debug   

     15836       1322        500         12       1588     875467   Grand Totals
     15836       1322        500         12       1588     875467   ELF Image Totals
     15836       1322        500         12          0          0   ROM Totals

==============================================================================

    Total RO  Size (Code + RO Data)                16336 (  15.95kB)
    Total RW  Size (RW Data + ZI Data)              1600 (   1.56kB)
    Total ROM Size (Code + RO Data + RW Data)      16348 (  15.96kB)

==============================================================================

